Archive member included to satisfy reference by file (symbol)

c:/st/stm32cubeide_1.6.0/stm32cubeide/plugins/com.st.stm32cube.ide.mcu.externaltools.gnu-tools-for-stm32.9-2020-q2-update.win32_1.5.0.202011040924/tools/bin/../lib/gcc/arm-none-eabi/9.3.1/../../../../arm-none-eabi/lib/thumb/v7-m/nofp\libc_nano.a(lib_a-errno.o)
                              Core/Src/syscalls.o (__errno)
c:/st/stm32cubeide_1.6.0/stm32cubeide/plugins/com.st.stm32cube.ide.mcu.externaltools.gnu-tools-for-stm32.9-2020-q2-update.win32_1.5.0.202011040924/tools/bin/../lib/gcc/arm-none-eabi/9.3.1/../../../../arm-none-eabi/lib/thumb/v7-m/nofp\libc_nano.a(lib_a-exit.o)
                              c:/st/stm32cubeide_1.6.0/stm32cubeide/plugins/com.st.stm32cube.ide.mcu.externaltools.gnu-tools-for-stm32.9-2020-q2-update.win32_1.5.0.202011040924/tools/bin/../lib/gcc/arm-none-eabi/9.3.1/../../../../arm-none-eabi/lib/thumb/v7-m/nofp/crt0.o (exit)
c:/st/stm32cubeide_1.6.0/stm32cubeide/plugins/com.st.stm32cube.ide.mcu.externaltools.gnu-tools-for-stm32.9-2020-q2-update.win32_1.5.0.202011040924/tools/bin/../lib/gcc/arm-none-eabi/9.3.1/../../../../arm-none-eabi/lib/thumb/v7-m/nofp\libc_nano.a(lib_a-impure.o)
                              c:/st/stm32cubeide_1.6.0/stm32cubeide/plugins/com.st.stm32cube.ide.mcu.externaltools.gnu-tools-for-stm32.9-2020-q2-update.win32_1.5.0.202011040924/tools/bin/../lib/gcc/arm-none-eabi/9.3.1/../../../../arm-none-eabi/lib/thumb/v7-m/nofp\libc_nano.a(lib_a-exit.o) (_global_impure_ptr)
c:/st/stm32cubeide_1.6.0/stm32cubeide/plugins/com.st.stm32cube.ide.mcu.externaltools.gnu-tools-for-stm32.9-2020-q2-update.win32_1.5.0.202011040924/tools/bin/../lib/gcc/arm-none-eabi/9.3.1/../../../../arm-none-eabi/lib/thumb/v7-m/nofp\libc_nano.a(lib_a-init.o)
                              c:/st/stm32cubeide_1.6.0/stm32cubeide/plugins/com.st.stm32cube.ide.mcu.externaltools.gnu-tools-for-stm32.9-2020-q2-update.win32_1.5.0.202011040924/tools/bin/../lib/gcc/arm-none-eabi/9.3.1/../../../../arm-none-eabi/lib/thumb/v7-m/nofp/crt0.o (__libc_init_array)
c:/st/stm32cubeide_1.6.0/stm32cubeide/plugins/com.st.stm32cube.ide.mcu.externaltools.gnu-tools-for-stm32.9-2020-q2-update.win32_1.5.0.202011040924/tools/bin/../lib/gcc/arm-none-eabi/9.3.1/../../../../arm-none-eabi/lib/thumb/v7-m/nofp\libc_nano.a(lib_a-memset.o)
                              c:/st/stm32cubeide_1.6.0/stm32cubeide/plugins/com.st.stm32cube.ide.mcu.externaltools.gnu-tools-for-stm32.9-2020-q2-update.win32_1.5.0.202011040924/tools/bin/../lib/gcc/arm-none-eabi/9.3.1/../../../../arm-none-eabi/lib/thumb/v7-m/nofp/crt0.o (memset)

Allocating common symbols
Common symbol       size              file

hUsbDeviceFS        0x2c4             USB_DEVICE/App/usb_device.o
uwTick              0x4               Drivers/STM32F1xx_HAL_Driver/Src/stm32f1xx_hal.o
pFlash              0x20              Drivers/STM32F1xx_HAL_Driver/Src/stm32f1xx_hal_flash.o
huart2              0x40              Core/Src/main.o
hpcd_USB_FS         0x2ec             USB_DEVICE/Target/usbd_conf.o
USBD_StrDesc        0x200             USB_DEVICE/App/usbd_desc.o

Discarded input sections

 .text          0x0000000000000000        0x0 c:/st/stm32cubeide_1.6.0/stm32cubeide/plugins/com.st.stm32cube.ide.mcu.externaltools.gnu-tools-for-stm32.9-2020-q2-update.win32_1.5.0.202011040924/tools/bin/../lib/gcc/arm-none-eabi/9.3.1/thumb/v7-m/nofp/crti.o
 .data          0x0000000000000000        0x0 c:/st/stm32cubeide_1.6.0/stm32cubeide/plugins/com.st.stm32cube.ide.mcu.externaltools.gnu-tools-for-stm32.9-2020-q2-update.win32_1.5.0.202011040924/tools/bin/../lib/gcc/arm-none-eabi/9.3.1/thumb/v7-m/nofp/crti.o
 .bss           0x0000000000000000        0x0 c:/st/stm32cubeide_1.6.0/stm32cubeide/plugins/com.st.stm32cube.ide.mcu.externaltools.gnu-tools-for-stm32.9-2020-q2-update.win32_1.5.0.202011040924/tools/bin/../lib/gcc/arm-none-eabi/9.3.1/thumb/v7-m/nofp/crti.o
 .data          0x0000000000000000        0x4 c:/st/stm32cubeide_1.6.0/stm32cubeide/plugins/com.st.stm32cube.ide.mcu.externaltools.gnu-tools-for-stm32.9-2020-q2-update.win32_1.5.0.202011040924/tools/bin/../lib/gcc/arm-none-eabi/9.3.1/thumb/v7-m/nofp/crtbegin.o
 .text          0x0000000000000000       0x7c c:/st/stm32cubeide_1.6.0/stm32cubeide/plugins/com.st.stm32cube.ide.mcu.externaltools.gnu-tools-for-stm32.9-2020-q2-update.win32_1.5.0.202011040924/tools/bin/../lib/gcc/arm-none-eabi/9.3.1/../../../../arm-none-eabi/lib/thumb/v7-m/nofp/crt0.o
 .data          0x0000000000000000        0x0 c:/st/stm32cubeide_1.6.0/stm32cubeide/plugins/com.st.stm32cube.ide.mcu.externaltools.gnu-tools-for-stm32.9-2020-q2-update.win32_1.5.0.202011040924/tools/bin/../lib/gcc/arm-none-eabi/9.3.1/../../../../arm-none-eabi/lib/thumb/v7-m/nofp/crt0.o
[...]
Memory Configuration

Name             Origin             Length             Attributes
RAM              0x0000000020000000 0x0000000000005000 xrw
FLASH            0x0000000008000000 0x0000000000010000 xr
*default*        0x0000000000000000 0xffffffffffffffff

Linker script and memory map

LOAD c:/st/stm32cubeide_1.6.0/stm32cubeide/plugins/com.st.stm32cube.ide.mcu.externaltools.gnu-tools-for-stm32.9-2020-q2-update.win32_1.5.0.202011040924/tools/bin/../lib/gcc/arm-none-eabi/9.3.1/thumb/v7-m/nofp/crti.o
LOAD c:/st/stm32cubeide_1.6.0/stm32cubeide/plugins/com.st.stm32cube.ide.mcu.externaltools.gnu-tools-for-stm32.9-2020-q2-update.win32_1.5.0.202011040924/tools/bin/../lib/gcc/arm-none-eabi/9.3.1/thumb/v7-m/nofp/crtbegin.o
LOAD c:/st/stm32cubeide_1.6.0/stm32cubeide/plugins/com.st.stm32cube.ide.mcu.externaltools.gnu-tools-for-stm32.9-2020-q2-update.win32_1.5.0.202011040924/tools/bin/../lib/gcc/arm-none-eabi/9.3.1/../../../../arm-none-eabi/lib/thumb/v7-m/nofp/crt0.o
LOAD Core/Src/main.o
LOAD Core/Src/stm32f1xx_hal_msp.o
LOAD Core/Src/stm32f1xx_it.o
LOAD Core/Src/syscalls.o
LOAD Core/Src/sysmem.o
LOAD Core/Src/system_stm32f1xx.o
LOAD Core/Startup/startup_stm32f103c8tx.o
LOAD Drivers/STM32F1xx_HAL_Driver/Src/stm32f1xx_hal.o
LOAD Drivers/STM32F1xx_HAL_Driver/Src/stm32f1xx_hal_cortex.o
LOAD Drivers/STM32F1xx_HAL_Driver/Src/stm32f1xx_hal_dma.o
LOAD Drivers/STM32F1xx_HAL_Driver/Src/stm32f1xx_hal_exti.o
LOAD Drivers/STM32F1xx_HAL_Driver/Src/stm32f1xx_hal_flash.o
LOAD Drivers/STM32F1xx_HAL_Driver/Src/stm32f1xx_hal_flash_ex.o
LOAD Drivers/STM32F1xx_HAL_Driver/Src/stm32f1xx_hal_gpio.o
LOAD Drivers/STM32F1xx_HAL_Driver/Src/stm32f1xx_hal_gpio_ex.o
LOAD Drivers/STM32F1xx_HAL_Driver/Src/stm32f1xx_hal_pcd.o
LOAD Drivers/STM32F1xx_HAL_Driver/Src/stm32f1xx_hal_pcd_ex.o
LOAD Drivers/STM32F1xx_HAL_Driver/Src/stm32f1xx_hal_pwr.o
LOAD Drivers/STM32F1xx_HAL_Driver/Src/stm32f1xx_hal_rcc.o
LOAD Drivers/STM32F1xx_HAL_Driver/Src/stm32f1xx_hal_rcc_ex.o
LOAD Drivers/STM32F1xx_HAL_Driver/Src/stm32f1xx_hal_tim.o
LOAD Drivers/STM32F1xx_HAL_Driver/Src/stm32f1xx_hal_tim_ex.o
LOAD Drivers/STM32F1xx_HAL_Driver/Src/stm32f1xx_hal_uart.o
LOAD Drivers/STM32F1xx_HAL_Driver/Src/stm32f1xx_ll_usb.o
LOAD Middlewares/ST/STM32_USB_Device_Library/Class/HID/Src/usbd_hid.o
LOAD Middlewares/ST/STM32_USB_Device_Library/Core/Src/usbd_core.o
LOAD Middlewares/ST/STM32_USB_Device_Library/Core/Src/usbd_ctlreq.o
LOAD Middlewares/ST/STM32_USB_Device_Library/Core/Src/usbd_ioreq.o
LOAD USB_DEVICE/App/usb_device.o
LOAD USB_DEVICE/App/usbd_desc.o
LOAD USB_DEVICE/Target/usbd_conf.o
START GROUP
LOAD c:/st/stm32cubeide_1.6.0/stm32cubeide/plugins/com.st.stm32cube.ide.mcu.externaltools.gnu-tools-for-stm32.9-2020-q2-update.win32_1.5.0.202011040924/tools/bin/../lib/gcc/arm-none-eabi/9.3.1/../../../../arm-none-eabi/lib/thumb/v7-m/nofp\libc_nano.a
LOAD c:/st/stm32cubeide_1.6.0/stm32cubeide/plugins/com.st.stm32cube.ide.mcu.externaltools.gnu-tools-for-stm32.9-2020-q2-update.win32_1.5.0.202011040924/tools/bin/../lib/gcc/arm-none-eabi/9.3.1/../../../../arm-none-eabi/lib/thumb/v7-m/nofp\libm.a
END GROUP
START GROUP
LOAD c:/st/stm32cubeide_1.6.0/stm32cubeide/plugins/com.st.stm32cube.ide.mcu.externaltools.gnu-tools-for-stm32.9-2020-q2-update.win32_1.5.0.202011040924/tools/bin/../lib/gcc/arm-none-eabi/9.3.1/thumb/v7-m/nofp\libgcc.a
LOAD c:/st/stm32cubeide_1.6.0/stm32cubeide/plugins/com.st.stm32cube.ide.mcu.externaltools.gnu-tools-for-stm32.9-2020-q2-update.win32_1.5.0.202011040924/tools/bin/../lib/gcc/arm-none-eabi/9.3.1/../../../../arm-none-eabi/lib/thumb/v7-m/nofp\libc_nano.a
END GROUP
START GROUP
LOAD c:/st/stm32cubeide_1.6.0/stm32cubeide/plugins/com.st.stm32cube.ide.mcu.externaltools.gnu-tools-for-stm32.9-2020-q2-update.win32_1.5.0.202011040924/tools/bin/../lib/gcc/arm-none-eabi/9.3.1/thumb/v7-m/nofp\libgcc.a
LOAD c:/st/stm32cubeide_1.6.0/stm32cubeide/plugins/com.st.stm32cube.ide.mcu.externaltools.gnu-tools-for-stm32.9-2020-q2-update.win32_1.5.0.202011040924/tools/bin/../lib/gcc/arm-none-eabi/9.3.1/../../../../arm-none-eabi/lib/thumb/v7-m/nofp\libc_nano.a
LOAD c:/st/stm32cubeide_1.6.0/stm32cubeide/plugins/com.st.stm32cube.ide.mcu.externaltools.gnu-tools-for-stm32.9-2020-q2-update.win32_1.5.0.202011040924/tools/bin/../lib/gcc/arm-none-eabi/9.3.1/../../../../arm-none-eabi/lib/thumb/v7-m/nofp\libnosys.a
END GROUP
START GROUP
LOAD c:/st/stm32cubeide_1.6.0/stm32cubeide/plugins/com.st.stm32cube.ide.mcu.externaltools.gnu-tools-for-stm32.9-2020-q2-update.win32_1.5.0.202011040924/tools/bin/../lib/gcc/arm-none-eabi/9.3.1/thumb/v7-m/nofp\libgcc.a
LOAD c:/st/stm32cubeide_1.6.0/stm32cubeide/plugins/com.st.stm32cube.ide.mcu.externaltools.gnu-tools-for-stm32.9-2020-q2-update.win32_1.5.0.202011040924/tools/bin/../lib/gcc/arm-none-eabi/9.3.1/../../../../arm-none-eabi/lib/thumb/v7-m/nofp\libc_nano.a
LOAD c:/st/stm32cubeide_1.6.0/stm32cubeide/plugins/com.st.stm32cube.ide.mcu.externaltools.gnu-tools-for-stm32.9-2020-q2-update.win32_1.5.0.202011040924/tools/bin/../lib/gcc/arm-none-eabi/9.3.1/../../../../arm-none-eabi/lib/thumb/v7-m/nofp\libnosys.a
END GROUP
LOAD c:/st/stm32cubeide_1.6.0/stm32cubeide/plugins/com.st.stm32cube.ide.mcu.externaltools.gnu-tools-for-stm32.9-2020-q2-update.win32_1.5.0.202011040924/tools/bin/../lib/gcc/arm-none-eabi/9.3.1/thumb/v7-m/nofp/crtend.o
LOAD c:/st/stm32cubeide_1.6.0/stm32cubeide/plugins/com.st.stm32cube.ide.mcu.externaltools.gnu-tools-for-stm32.9-2020-q2-update.win32_1.5.0.202011040924/tools/bin/../lib/gcc/arm-none-eabi/9.3.1/thumb/v7-m/nofp/crtn.o
                0x0000000020005000                _estack = (ORIGIN (RAM) + LENGTH (RAM))
                0x0000000000000200                _Min_Heap_Size = 0x200
                0x0000000000000400                _Min_Stack_Size = 0x400

.isr_vector     0x0000000008000000      0x10c
                0x0000000008000000                . = ALIGN (0x4)
 *(.isr_vector)
 .isr_vector    0x0000000008000000      0x10c Core/Startup/startup_stm32f103c8tx.o
                0x0000000008000000                g_pfnVectors
                0x000000000800010c                . = ALIGN (0x4)

.text           0x000000000800010c     0x6c58
                0x000000000800010c                . = ALIGN (0x4)
 *(.text)
 .text          0x000000000800010c       0x40 c:/st/stm32cubeide_1.6.0/stm32cubeide/plugins/com.st.stm32cube.ide.mcu.externaltools.gnu-tools-for-stm32.9-2020-q2-update.win32_1.5.0.202011040924/tools/bin/../lib/gcc/arm-none-eabi/9.3.1/thumb/v7-m/nofp/crtbegin.o
 *(.text*)
 .text.Get_HID_UsageID
                0x000000000800014c       0x54 Core/Src/main.o
 .text.Write_HID_ReportByte
                0x00000000080001a0       0x40 Core/Src/main.o
 .text.main     0x00000000080001e0       0xb8 Core/Src/main.o
                0x00000000080001e0                main
 .text.SystemClock_Config
                0x0000000008000298       0xb6 Core/Src/main.o
                0x0000000008000298                SystemClock_Config
 *fill*         0x000000000800034e        0x2 
 .text.MX_USART2_UART_Init
                0x0000000008000350       0x54 Core/Src/main.o
 .text.MX_GPIO_Init
                0x00000000080003a4       0x44 Core/Src/main.o
 .text.Error_Handler
                0x00000000080003e8        0xa Core/Src/main.o
                0x00000000080003e8                Error_Handler
 *fill*         0x00000000080003f2        0x2 
 .text.HAL_MspInit
                0x00000000080003f4       0x64 Core/Src/stm32f1xx_hal_msp.o
                0x00000000080003f4                HAL_MspInit
 .text.HAL_UART_MspInit
                0x0000000008000458       0x94 Core/Src/stm32f1xx_hal_msp.o
                0x0000000008000458                HAL_UART_MspInit
 .text.NMI_Handler
                0x00000000080004ec        0x6 Core/Src/stm32f1xx_it.o
                0x00000000080004ec                NMI_Handler
 .text.HardFault_Handler
                0x00000000080004f2        0x6 Core/Src/stm32f1xx_it.o
                0x00000000080004f2                HardFault_Handler
 .text.MemManage_Handler
                0x00000000080004f8        0x6 Core/Src/stm32f1xx_it.o
                0x00000000080004f8                MemManage_Handler
 .text.BusFault_Handler
                0x00000000080004fe        0x6 Core/Src/stm32f1xx_it.o
                0x00000000080004fe                BusFault_Handler
 .text.UsageFault_Handler
                0x0000000008000504        0x6 Core/Src/stm32f1xx_it.o
                0x0000000008000504                UsageFault_Handler
 .text.SVC_Handler
                0x000000000800050a        0xc Core/Src/stm32f1xx_it.o
                0x000000000800050a                SVC_Handler
 .text.DebugMon_Handler
                0x0000000008000516        0xc Core/Src/stm32f1xx_it.o
                0x0000000008000516                DebugMon_Handler
 .text.PendSV_Handler
                0x0000000008000522        0xc Core/Src/stm32f1xx_it.o
                0x0000000008000522                PendSV_Handler
 .text.SysTick_Handler
                0x000000000800052e        0xc Core/Src/stm32f1xx_it.o
                0x000000000800052e                SysTick_Handler
 *fill*         0x000000000800053a        0x2 
 .text.USB_LP_CAN1_RX0_IRQHandler
                0x000000000800053c       0x14 Core/Src/stm32f1xx_it.o
                0x000000000800053c                USB_LP_CAN1_RX0_IRQHandler
 .text.SystemInit
                0x0000000008000550        0xc Core/Src/system_stm32f1xx.o
                0x0000000008000550                SystemInit
 .text.Reset_Handler
                0x000000000800055c       0x48 Core/Startup/startup_stm32f103c8tx.o
                0x000000000800055c                Reset_Handler
 .text.Default_Handler
                0x00000000080005a4        0x2 Core/Startup/startup_stm32f103c8tx.o
                0x00000000080005a4                RTC_Alarm_IRQHandler
                0x00000000080005a4                EXTI2_IRQHandler
                0x00000000080005a4                TIM1_CC_IRQHandler
                0x00000000080005a4                PVD_IRQHandler
                0x00000000080005a4                EXTI3_IRQHandler
                0x00000000080005a4                EXTI0_IRQHandler
                0x00000000080005a4                I2C2_EV_IRQHandler
                0x00000000080005a4                ADC1_2_IRQHandler
                0x00000000080005a4                SPI1_IRQHandler
                0x00000000080005a4                TAMPER_IRQHandler
                0x00000000080005a4                DMA1_Channel4_IRQHandler
                0x00000000080005a4                USART3_IRQHandler
                0x00000000080005a4                RTC_IRQHandler
                0x00000000080005a4                DMA1_Channel7_IRQHandler
                0x00000000080005a4                CAN1_RX1_IRQHandler
                0x00000000080005a4                TIM4_IRQHandler
                0x00000000080005a4                I2C1_EV_IRQHandler
                0x00000000080005a4                DMA1_Channel6_IRQHandler
                0x00000000080005a4                TIM3_IRQHandler
                0x00000000080005a4                RCC_IRQHandler
                0x00000000080005a4                TIM1_TRG_COM_IRQHandler
                0x00000000080005a4                DMA1_Channel1_IRQHandler
                0x00000000080005a4                Default_Handler
                0x00000000080005a4                EXTI15_10_IRQHandler
                0x00000000080005a4                EXTI9_5_IRQHandler
                0x00000000080005a4                SPI2_IRQHandler
                0x00000000080005a4                DMA1_Channel5_IRQHandler
                0x00000000080005a4                EXTI4_IRQHandler
                0x00000000080005a4                USB_HP_CAN1_TX_IRQHandler
                0x00000000080005a4                DMA1_Channel3_IRQHandler
                0x00000000080005a4                TIM1_UP_IRQHandler
                0x00000000080005a4                WWDG_IRQHandler
                0x00000000080005a4                TIM2_IRQHandler
                0x00000000080005a4                TIM1_BRK_IRQHandler
                0x00000000080005a4                EXTI1_IRQHandler
                0x00000000080005a4                USART2_IRQHandler
                0x00000000080005a4                I2C2_ER_IRQHandler
                0x00000000080005a4                DMA1_Channel2_IRQHandler
                0x00000000080005a4                CAN1_SCE_IRQHandler
                0x00000000080005a4                FLASH_IRQHandler
                0x00000000080005a4                USART1_IRQHandler
                0x00000000080005a4                I2C1_ER_IRQHandler
                0x00000000080005a4                USBWakeUp_IRQHandler
 *fill*         0x00000000080005a6        0x2 
 .text.HAL_Init
                0x00000000080005a8       0x2c Drivers/STM32F1xx_HAL_Driver/Src/stm32f1xx_hal.o
                0x00000000080005a8                HAL_Init
 .text.HAL_InitTick
                0x00000000080005d4       0x60 Drivers/STM32F1xx_HAL_Driver/Src/stm32f1xx_hal.o
                0x00000000080005d4                HAL_InitTick
 .text.HAL_IncTick
                0x0000000008000634       0x24 Drivers/STM32F1xx_HAL_Driver/Src/stm32f1xx_hal.o
                0x0000000008000634                HAL_IncTick
 .text.HAL_GetTick
                0x0000000008000658       0x14 Drivers/STM32F1xx_HAL_Driver/Src/stm32f1xx_hal.o
                0x0000000008000658                HAL_GetTick
 .text.__NVIC_SetPriorityGrouping
                0x000000000800066c       0x48 Drivers/STM32F1xx_HAL_Driver/Src/stm32f1xx_hal_cortex.o
 .text.__NVIC_GetPriorityGrouping
                0x00000000080006b4       0x1c Drivers/STM32F1xx_HAL_Driver/Src/stm32f1xx_hal_cortex.o
 .text.__NVIC_EnableIRQ
                0x00000000080006d0       0x38 Drivers/STM32F1xx_HAL_Driver/Src/stm32f1xx_hal_cortex.o
 .text.__NVIC_SetPriority
                0x0000000008000708       0x54 Drivers/STM32F1xx_HAL_Driver/Src/stm32f1xx_hal_cortex.o
 .text.NVIC_EncodePriority
                0x000000000800075c       0x64 Drivers/STM32F1xx_HAL_Driver/Src/stm32f1xx_hal_cortex.o
 .text.SysTick_Config
                0x00000000080007c0       0x44 Drivers/STM32F1xx_HAL_Driver/Src/stm32f1xx_hal_cortex.o
 .text.HAL_NVIC_SetPriorityGrouping
                0x0000000008000804       0x16 Drivers/STM32F1xx_HAL_Driver/Src/stm32f1xx_hal_cortex.o
                0x0000000008000804                HAL_NVIC_SetPriorityGrouping
 .text.HAL_NVIC_SetPriority
                0x000000000800081a       0x38 Drivers/STM32F1xx_HAL_Driver/Src/stm32f1xx_hal_cortex.o
                0x000000000800081a                HAL_NVIC_SetPriority
 .text.HAL_NVIC_EnableIRQ
                0x0000000008000852       0x1c Drivers/STM32F1xx_HAL_Driver/Src/stm32f1xx_hal_cortex.o
                0x0000000008000852                HAL_NVIC_EnableIRQ
 .text.HAL_SYSTICK_Config
                0x000000000800086e       0x18 Drivers/STM32F1xx_HAL_Driver/Src/stm32f1xx_hal_cortex.o
                0x000000000800086e                HAL_SYSTICK_Config
 *fill*         0x0000000008000886        0x2 
 .text.HAL_GPIO_Init
                0x0000000008000888      0x308 Drivers/STM32F1xx_HAL_Driver/Src/stm32f1xx_hal_gpio.o
                0x0000000008000888                HAL_GPIO_Init
 .text.HAL_PCD_Init
                0x0000000008000b90      0x216 Drivers/STM32F1xx_HAL_Driver/Src/stm32f1xx_hal_pcd.o
                0x0000000008000b90                HAL_PCD_Init
 .text.HAL_PCD_Start
                0x0000000008000da6       0x4c Drivers/STM32F1xx_HAL_Driver/Src/stm32f1xx_hal_pcd.o
                0x0000000008000da6                HAL_PCD_Start
 .text.HAL_PCD_IRQHandler
                0x0000000008000df2      0x2aa Drivers/STM32F1xx_HAL_Driver/Src/stm32f1xx_hal_pcd.o
                0x0000000008000df2                HAL_PCD_IRQHandler
 .text.HAL_PCD_SetAddress
                0x000000000800109c       0x4a Drivers/STM32F1xx_HAL_Driver/Src/stm32f1xx_hal_pcd.o
                0x000000000800109c                HAL_PCD_SetAddress
 .text.HAL_PCD_EP_Open
                0x00000000080010e6       0xcc Drivers/STM32F1xx_HAL_Driver/Src/stm32f1xx_hal_pcd.o
                0x00000000080010e6                HAL_PCD_EP_Open
 .text.HAL_PCD_EP_Close
                0x00000000080011b2       0x90 Drivers/STM32F1xx_HAL_Driver/Src/stm32f1xx_hal_pcd.o
                0x00000000080011b2                HAL_PCD_EP_Close
 .text.HAL_PCD_EP_Receive
                0x0000000008001242       0x7a Drivers/STM32F1xx_HAL_Driver/Src/stm32f1xx_hal_pcd.o
                0x0000000008001242                HAL_PCD_EP_Receive
 .text.HAL_PCD_EP_Transmit
                0x00000000080012bc       0x86 Drivers/STM32F1xx_HAL_Driver/Src/stm32f1xx_hal_pcd.o
                0x00000000080012bc                HAL_PCD_EP_Transmit
 .text.HAL_PCD_EP_SetStall
                0x0000000008001342       0xc0 Drivers/STM32F1xx_HAL_Driver/Src/stm32f1xx_hal_pcd.o
                0x0000000008001342                HAL_PCD_EP_SetStall
 .text.HAL_PCD_EP_ClrStall
                0x0000000008001402       0xa8 Drivers/STM32F1xx_HAL_Driver/Src/stm32f1xx_hal_pcd.o
                0x0000000008001402                HAL_PCD_EP_ClrStall
 .text.PCD_EP_ISR_Handler
                0x00000000080014aa      0x5e6 Drivers/STM32F1xx_HAL_Driver/Src/stm32f1xx_hal_pcd.o
 .text.HAL_PCD_EP_DB_Receive
                0x0000000008001a90      0x21a Drivers/STM32F1xx_HAL_Driver/Src/stm32f1xx_hal_pcd.o
 .text.HAL_PCD_EP_DB_Transmit
                0x0000000008001caa      0x556 Drivers/STM32F1xx_HAL_Driver/Src/stm32f1xx_hal_pcd.o
 .text.HAL_PCDEx_PMAConfig
                0x0000000008002200       0x84 Drivers/STM32F1xx_HAL_Driver/Src/stm32f1xx_hal_pcd_ex.o
                0x0000000008002200                HAL_PCDEx_PMAConfig
 .text.HAL_RCC_OscConfig
                0x0000000008002284      0x500 Drivers/STM32F1xx_HAL_Driver/Src/stm32f1xx_hal_rcc.o
                0x0000000008002284                HAL_RCC_OscConfig
 .text.HAL_RCC_ClockConfig
                0x0000000008002784      0x1d4 Drivers/STM32F1xx_HAL_Driver/Src/stm32f1xx_hal_rcc.o
                0x0000000008002784                HAL_RCC_ClockConfig
 .text.HAL_RCC_GetSysClockFreq
                0x0000000008002958       0xc0 Drivers/STM32F1xx_HAL_Driver/Src/stm32f1xx_hal_rcc.o
                0x0000000008002958                HAL_RCC_GetSysClockFreq
 .text.HAL_RCC_GetHCLKFreq
                0x0000000008002a18       0x14 Drivers/STM32F1xx_HAL_Driver/Src/stm32f1xx_hal_rcc.o
                0x0000000008002a18                HAL_RCC_GetHCLKFreq
 .text.HAL_RCC_GetPCLK1Freq
                0x0000000008002a2c       0x28 Drivers/STM32F1xx_HAL_Driver/Src/stm32f1xx_hal_rcc.o
                0x0000000008002a2c                HAL_RCC_GetPCLK1Freq
 .text.HAL_RCC_GetPCLK2Freq
                0x0000000008002a54       0x28 Drivers/STM32F1xx_HAL_Driver/Src/stm32f1xx_hal_rcc.o
                0x0000000008002a54                HAL_RCC_GetPCLK2Freq
 .text.RCC_Delay
                0x0000000008002a7c       0x3c Drivers/STM32F1xx_HAL_Driver/Src/stm32f1xx_hal_rcc.o
 .text.HAL_RCCEx_PeriphCLKConfig
                0x0000000008002ab8      0x16c Drivers/STM32F1xx_HAL_Driver/Src/stm32f1xx_hal_rcc_ex.o
                0x0000000008002ab8                HAL_RCCEx_PeriphCLKConfig
 .text.HAL_UART_Init
                0x0000000008002c24       0x9a Drivers/STM32F1xx_HAL_Driver/Src/stm32f1xx_hal_uart.o
                0x0000000008002c24                HAL_UART_Init
 .text.HAL_UART_Receive
                0x0000000008002cbe      0x13e Drivers/STM32F1xx_HAL_Driver/Src/stm32f1xx_hal_uart.o
                0x0000000008002cbe                HAL_UART_Receive
 .text.UART_WaitOnFlagUntilTimeout
                0x0000000008002dfc       0x94 Drivers/STM32F1xx_HAL_Driver/Src/stm32f1xx_hal_uart.o
 .text.UART_SetConfig
                0x0000000008002e90      0x11c Drivers/STM32F1xx_HAL_Driver/Src/stm32f1xx_hal_uart.o
 .text.USB_CoreInit
                0x0000000008002fac       0x20 Drivers/STM32F1xx_HAL_Driver/Src/stm32f1xx_ll_usb.o
                0x0000000008002fac                USB_CoreInit
 .text.USB_EnableGlobalInt
                0x0000000008002fcc       0x2c Drivers/STM32F1xx_HAL_Driver/Src/stm32f1xx_ll_usb.o
                0x0000000008002fcc                USB_EnableGlobalInt
 .text.USB_DisableGlobalInt
                0x0000000008002ff8       0x34 Drivers/STM32F1xx_HAL_Driver/Src/stm32f1xx_ll_usb.o
                0x0000000008002ff8                USB_DisableGlobalInt
 .text.USB_SetCurrentMode
                0x000000000800302c       0x18 Drivers/STM32F1xx_HAL_Driver/Src/stm32f1xx_ll_usb.o
                0x000000000800302c                USB_SetCurrentMode
 .text.USB_DevInit
                0x0000000008003044       0x40 Drivers/STM32F1xx_HAL_Driver/Src/stm32f1xx_ll_usb.o
                0x0000000008003044                USB_DevInit
 .text.USB_ActivateEndpoint
                0x0000000008003084      0x6d4 Drivers/STM32F1xx_HAL_Driver/Src/stm32f1xx_ll_usb.o
                0x0000000008003084                USB_ActivateEndpoint
 .text.USB_DeactivateEndpoint
                0x0000000008003758      0x3d8 Drivers/STM32F1xx_HAL_Driver/Src/stm32f1xx_ll_usb.o
                0x0000000008003758                USB_DeactivateEndpoint
 .text.USB_EPStartXfer
                0x0000000008003b30     0x1240 Drivers/STM32F1xx_HAL_Driver/Src/stm32f1xx_ll_usb.o
                0x0000000008003b30                USB_EPStartXfer
 .text.USB_EPSetStall
                0x0000000008004d70       0xa0 Drivers/STM32F1xx_HAL_Driver/Src/stm32f1xx_ll_usb.o
                0x0000000008004d70                USB_EPSetStall
 .text.USB_EPClearStall
                0x0000000008004e10      0x15a Drivers/STM32F1xx_HAL_Driver/Src/stm32f1xx_ll_usb.o
                0x0000000008004e10                USB_EPClearStall
 .text.USB_SetDevAddress
                0x0000000008004f6a       0x26 Drivers/STM32F1xx_HAL_Driver/Src/stm32f1xx_ll_usb.o
                0x0000000008004f6a                USB_SetDevAddress
 .text.USB_DevConnect
                0x0000000008004f90       0x14 Drivers/STM32F1xx_HAL_Driver/Src/stm32f1xx_ll_usb.o
                0x0000000008004f90                USB_DevConnect
 .text.USB_DevDisconnect
                0x0000000008004fa4       0x14 Drivers/STM32F1xx_HAL_Driver/Src/stm32f1xx_ll_usb.o
                0x0000000008004fa4                USB_DevDisconnect
 .text.USB_ReadInterrupts
                0x0000000008004fb8       0x1e Drivers/STM32F1xx_HAL_Driver/Src/stm32f1xx_ll_usb.o
                0x0000000008004fb8                USB_ReadInterrupts
 .text.USB_EP0_OutStart
                0x0000000008004fd6       0x16 Drivers/STM32F1xx_HAL_Driver/Src/stm32f1xx_ll_usb.o
                0x0000000008004fd6                USB_EP0_OutStart
 .text.USB_WritePMA
                0x0000000008004fec       0x8a Drivers/STM32F1xx_HAL_Driver/Src/stm32f1xx_ll_usb.o
                0x0000000008004fec                USB_WritePMA
 .text.USB_ReadPMA
                0x0000000008005076       0x9e Drivers/STM32F1xx_HAL_Driver/Src/stm32f1xx_ll_usb.o
                0x0000000008005076                USB_ReadPMA
 .text.USBD_HID_Init
                0x0000000008005114       0x4e Middlewares/ST/STM32_USB_Device_Library/Class/HID/Src/usbd_hid.o
 .text.USBD_HID_DeInit
                0x0000000008005162       0x42 Middlewares/ST/STM32_USB_Device_Library/Class/HID/Src/usbd_hid.o
 .text.USBD_HID_Setup
                0x00000000080051a4      0x1fc Middlewares/ST/STM32_USB_Device_Library/Class/HID/Src/usbd_hid.o
 .text.USBD_HID_SendReport
                0x00000000080053a0       0x44 Middlewares/ST/STM32_USB_Device_Library/Class/HID/Src/usbd_hid.o
                0x00000000080053a0                USBD_HID_SendReport
 .text.USBD_HID_GetFSCfgDesc
                0x00000000080053e4       0x20 Middlewares/ST/STM32_USB_Device_Library/Class/HID/Src/usbd_hid.o
 .text.USBD_HID_GetHSCfgDesc
                0x0000000008005404       0x20 Middlewares/ST/STM32_USB_Device_Library/Class/HID/Src/usbd_hid.o
 .text.USBD_HID_GetOtherSpeedCfgDesc
                0x0000000008005424       0x20 Middlewares/ST/STM32_USB_Device_Library/Class/HID/Src/usbd_hid.o
 .text.USBD_HID_DataIn
                0x0000000008005444       0x22 Middlewares/ST/STM32_USB_Device_Library/Class/HID/Src/usbd_hid.o
 *fill*         0x0000000008005466        0x2 
 .text.USBD_HID_GetDeviceQualifierDesc
                0x0000000008005468       0x20 Middlewares/ST/STM32_USB_Device_Library/Class/HID/Src/usbd_hid.o
 .text.USBD_Init
                0x0000000008005488       0x56 Middlewares/ST/STM32_USB_Device_Library/Core/Src/usbd_core.o
                0x0000000008005488                USBD_Init
 .text.USBD_RegisterClass
                0x00000000080054de       0x32 Middlewares/ST/STM32_USB_Device_Library/Core/Src/usbd_core.o
                0x00000000080054de                USBD_RegisterClass
 .text.USBD_Start
                0x0000000008005510       0x18 Middlewares/ST/STM32_USB_Device_Library/Core/Src/usbd_core.o
                0x0000000008005510                USBD_Start
 .text.USBD_RunTestMode
                0x0000000008005528       0x14 Middlewares/ST/STM32_USB_Device_Library/Core/Src/usbd_core.o
                0x0000000008005528                USBD_RunTestMode
 .text.USBD_SetClassConfig
                0x000000000800553c       0x3e Middlewares/ST/STM32_USB_Device_Library/Core/Src/usbd_core.o
                0x000000000800553c                USBD_SetClassConfig
 .text.USBD_ClrClassConfig
                0x000000000800557a       0x26 Middlewares/ST/STM32_USB_Device_Library/Core/Src/usbd_core.o
                0x000000000800557a                USBD_ClrClassConfig
 .text.USBD_LL_SetupStage
                0x00000000080055a0       0x9a Middlewares/ST/STM32_USB_Device_Library/Core/Src/usbd_core.o
                0x00000000080055a0                USBD_LL_SetupStage
 .text.USBD_LL_DataOutStage
                0x000000000800563a       0xe2 Middlewares/ST/STM32_USB_Device_Library/Core/Src/usbd_core.o
                0x000000000800563a                USBD_LL_DataOutStage
 .text.USBD_LL_DataInStage
                0x000000000800571c      0x14a Middlewares/ST/STM32_USB_Device_Library/Core/Src/usbd_core.o
                0x000000000800571c                USBD_LL_DataInStage
 .text.USBD_LL_Reset
                0x0000000008005866       0x82 Middlewares/ST/STM32_USB_Device_Library/Core/Src/usbd_core.o
                0x0000000008005866                USBD_LL_Reset
 .text.USBD_LL_SetSpeed
                0x00000000080058e8       0x1e Middlewares/ST/STM32_USB_Device_Library/Core/Src/usbd_core.o
                0x00000000080058e8                USBD_LL_SetSpeed
 .text.USBD_LL_Suspend
                0x0000000008005906       0x28 Middlewares/ST/STM32_USB_Device_Library/Core/Src/usbd_core.o
                0x0000000008005906                USBD_LL_Suspend
 .text.USBD_LL_Resume
                0x000000000800592e       0x2a Middlewares/ST/STM32_USB_Device_Library/Core/Src/usbd_core.o
                0x000000000800592e                USBD_LL_Resume
 .text.USBD_LL_SOF
                0x0000000008005958       0x34 Middlewares/ST/STM32_USB_Device_Library/Core/Src/usbd_core.o
                0x0000000008005958                USBD_LL_SOF
 .text.USBD_StdDevReq
                0x000000000800598c       0xd4 Middlewares/ST/STM32_USB_Device_Library/Core/Src/usbd_ctlreq.o
                0x000000000800598c                USBD_StdDevReq
 .text.USBD_StdItfReq
                0x0000000008005a60       0x90 Middlewares/ST/STM32_USB_Device_Library/Core/Src/usbd_ctlreq.o
                0x0000000008005a60                USBD_StdItfReq
 .text.USBD_StdEPReq
                0x0000000008005af0      0x2c6 Middlewares/ST/STM32_USB_Device_Library/Core/Src/usbd_ctlreq.o
                0x0000000008005af0                USBD_StdEPReq
 *fill*         0x0000000008005db6        0x2 
 .text.USBD_GetDescriptor
                0x0000000008005db8      0x2d0 Middlewares/ST/STM32_USB_Device_Library/Core/Src/usbd_ctlreq.o
 .text.USBD_SetAddress
                0x0000000008006088       0x86 Middlewares/ST/STM32_USB_Device_Library/Core/Src/usbd_ctlreq.o
 *fill*         0x000000000800610e        0x2 
 .text.USBD_SetConfig
                0x0000000008006110      0x11c Middlewares/ST/STM32_USB_Device_Library/Core/Src/usbd_ctlreq.o
 .text.USBD_GetConfig
                0x000000000800622c       0x6a Middlewares/ST/STM32_USB_Device_Library/Core/Src/usbd_ctlreq.o
 .text.USBD_GetStatus
                0x0000000008006296       0x66 Middlewares/ST/STM32_USB_Device_Library/Core/Src/usbd_ctlreq.o
 .text.USBD_SetFeature
                0x00000000080062fc       0x28 Middlewares/ST/STM32_USB_Device_Library/Core/Src/usbd_ctlreq.o
 .text.USBD_ClrFeature
                0x0000000008006324       0x42 Middlewares/ST/STM32_USB_Device_Library/Core/Src/usbd_ctlreq.o
 .text.USBD_ParseSetupRequest
                0x0000000008006366       0x78 Middlewares/ST/STM32_USB_Device_Library/Core/Src/usbd_ctlreq.o
                0x0000000008006366                USBD_ParseSetupRequest
 .text.USBD_CtlError
                0x00000000080063de       0x22 Middlewares/ST/STM32_USB_Device_Library/Core/Src/usbd_ctlreq.o
                0x00000000080063de                USBD_CtlError
 .text.USBD_GetString
                0x0000000008006400       0x84 Middlewares/ST/STM32_USB_Device_Library/Core/Src/usbd_ctlreq.o
                0x0000000008006400                USBD_GetString
 .text.USBD_GetLen
                0x0000000008006484       0x2e Middlewares/ST/STM32_USB_Device_Library/Core/Src/usbd_ctlreq.o
 .text.USBD_CtlSendData
                0x00000000080064b2       0x38 Middlewares/ST/STM32_USB_Device_Library/Core/Src/usbd_ioreq.o
                0x00000000080064b2                USBD_CtlSendData
 .text.USBD_CtlContinueSendData
                0x00000000080064ea       0x24 Middlewares/ST/STM32_USB_Device_Library/Core/Src/usbd_ioreq.o
                0x00000000080064ea                USBD_CtlContinueSendData
 .text.USBD_CtlContinueRx
                0x000000000800650e       0x24 Middlewares/ST/STM32_USB_Device_Library/Core/Src/usbd_ioreq.o
                0x000000000800650e                USBD_CtlContinueRx
 .text.USBD_CtlSendStatus
                0x0000000008006532       0x26 Middlewares/ST/STM32_USB_Device_Library/Core/Src/usbd_ioreq.o
                0x0000000008006532                USBD_CtlSendStatus
 .text.USBD_CtlReceiveStatus
                0x0000000008006558       0x26 Middlewares/ST/STM32_USB_Device_Library/Core/Src/usbd_ioreq.o
                0x0000000008006558                USBD_CtlReceiveStatus
 *fill*         0x000000000800657e        0x2 
 .text.MX_USB_DEVICE_Init
                0x0000000008006580       0x4c USB_DEVICE/App/usb_device.o
                0x0000000008006580                MX_USB_DEVICE_Init
 .text.USBD_FS_DeviceDescriptor
                0x00000000080065cc       0x24 USB_DEVICE/App/usbd_desc.o
                0x00000000080065cc                USBD_FS_DeviceDescriptor
 .text.USBD_FS_LangIDStrDescriptor
                0x00000000080065f0       0x24 USB_DEVICE/App/usbd_desc.o
                0x00000000080065f0                USBD_FS_LangIDStrDescriptor
 .text.USBD_FS_ProductStrDescriptor
                0x0000000008006614       0x3c USB_DEVICE/App/usbd_desc.o
                0x0000000008006614                USBD_FS_ProductStrDescriptor
 .text.USBD_FS_ManufacturerStrDescriptor
                0x0000000008006650       0x28 USB_DEVICE/App/usbd_desc.o
                0x0000000008006650                USBD_FS_ManufacturerStrDescriptor
 .text.USBD_FS_SerialStrDescriptor
                0x0000000008006678       0x24 USB_DEVICE/App/usbd_desc.o
                0x0000000008006678                USBD_FS_SerialStrDescriptor
 .text.USBD_FS_ConfigStrDescriptor
                0x000000000800669c       0x3c USB_DEVICE/App/usbd_desc.o
                0x000000000800669c                USBD_FS_ConfigStrDescriptor
 .text.USBD_FS_InterfaceStrDescriptor
                0x00000000080066d8       0x3c USB_DEVICE/App/usbd_desc.o
                0x00000000080066d8                USBD_FS_InterfaceStrDescriptor
 .text.Get_SerialNum
                0x0000000008006714       0x58 USB_DEVICE/App/usbd_desc.o
 .text.IntToUnicode
                0x000000000800676c       0x7c USB_DEVICE/App/usbd_desc.o
 .text.HAL_PCD_MspInit
                0x00000000080067e8       0x4c USB_DEVICE/Target/usbd_conf.o
                0x00000000080067e8                HAL_PCD_MspInit
 .text.HAL_PCD_SetupStageCallback
                0x0000000008006834       0x24 USB_DEVICE/Target/usbd_conf.o
                0x0000000008006834                HAL_PCD_SetupStageCallback
 .text.HAL_PCD_DataOutStageCallback
                0x0000000008006858       0x36 USB_DEVICE/Target/usbd_conf.o
                0x0000000008006858                HAL_PCD_DataOutStageCallback
 .text.HAL_PCD_DataInStageCallback
                0x000000000800688e       0x34 USB_DEVICE/Target/usbd_conf.o
                0x000000000800688e                HAL_PCD_DataInStageCallback
 .text.HAL_PCD_SOFCallback
                0x00000000080068c2       0x1c USB_DEVICE/Target/usbd_conf.o
                0x00000000080068c2                HAL_PCD_SOFCallback
 .text.HAL_PCD_ResetCallback
                0x00000000080068de       0x3c USB_DEVICE/Target/usbd_conf.o
                0x00000000080068de                HAL_PCD_ResetCallback
 *fill*         0x000000000800691a        0x2 
 .text.HAL_PCD_SuspendCallback
                0x000000000800691c       0x34 USB_DEVICE/Target/usbd_conf.o
                0x000000000800691c                HAL_PCD_SuspendCallback
 .text.HAL_PCD_ResumeCallback
                0x0000000008006950       0x1c USB_DEVICE/Target/usbd_conf.o
                0x0000000008006950                HAL_PCD_ResumeCallback
 .text.USBD_LL_Init
                0x000000000800696c       0x90 USB_DEVICE/Target/usbd_conf.o
                0x000000000800696c                USBD_LL_Init
 .text.USBD_LL_Start
                0x00000000080069fc       0x36 USB_DEVICE/Target/usbd_conf.o
                0x00000000080069fc                USBD_LL_Start
 .text.USBD_LL_OpenEP
                0x0000000008006a32       0x4c USB_DEVICE/Target/usbd_conf.o
                0x0000000008006a32                USBD_LL_OpenEP
 .text.USBD_LL_CloseEP
                0x0000000008006a7e       0x3e USB_DEVICE/Target/usbd_conf.o
                0x0000000008006a7e                USBD_LL_CloseEP
 .text.USBD_LL_StallEP
                0x0000000008006abc       0x3e USB_DEVICE/Target/usbd_conf.o
                0x0000000008006abc                USBD_LL_StallEP
 .text.USBD_LL_ClearStallEP
                0x0000000008006afa       0x3e USB_DEVICE/Target/usbd_conf.o
                0x0000000008006afa                USBD_LL_ClearStallEP
 .text.USBD_LL_IsStallEP
                0x0000000008006b38       0x58 USB_DEVICE/Target/usbd_conf.o
                0x0000000008006b38                USBD_LL_IsStallEP
 .text.USBD_LL_SetUSBAddress
                0x0000000008006b90       0x3e USB_DEVICE/Target/usbd_conf.o
                0x0000000008006b90                USBD_LL_SetUSBAddress
 .text.USBD_LL_Transmit
                0x0000000008006bce       0x46 USB_DEVICE/Target/usbd_conf.o
                0x0000000008006bce                USBD_LL_Transmit
 .text.USBD_LL_PrepareReceive
                0x0000000008006c14       0x46 USB_DEVICE/Target/usbd_conf.o
                0x0000000008006c14                USBD_LL_PrepareReceive
 *fill*         0x0000000008006c5a        0x2 
 .text.USBD_static_malloc
                0x0000000008006c5c       0x18 USB_DEVICE/Target/usbd_conf.o
                0x0000000008006c5c                USBD_static_malloc
 .text.USBD_static_free
                0x0000000008006c74       0x12 USB_DEVICE/Target/usbd_conf.o
                0x0000000008006c74                USBD_static_free
 .text.HAL_PCDEx_SetConnectionState
                0x0000000008006c86       0x16 USB_DEVICE/Target/usbd_conf.o
                0x0000000008006c86                HAL_PCDEx_SetConnectionState
 .text.USBD_Get_USB_Status
                0x0000000008006c9c       0x58 USB_DEVICE/Target/usbd_conf.o
 .text.__libc_init_array
                0x0000000008006cf4       0x48 c:/st/stm32cubeide_1.6.0/stm32cubeide/plugins/com.st.stm32cube.ide.mcu.externaltools.gnu-tools-for-stm32.9-2020-q2-update.win32_1.5.0.202011040924/tools/bin/../lib/gcc/arm-none-eabi/9.3.1/../../../../arm-none-eabi/lib/thumb/v7-m/nofp\libc_nano.a(lib_a-init.o)
                0x0000000008006cf4                __libc_init_array
 .text.memset   0x0000000008006d3c       0x10 c:/st/stm32cubeide_1.6.0/stm32cubeide/plugins/com.st.stm32cube.ide.mcu.externaltools.gnu-tools-for-stm32.9-2020-q2-update.win32_1.5.0.202011040924/tools/bin/../lib/gcc/arm-none-eabi/9.3.1/../../../../arm-none-eabi/lib/thumb/v7-m/nofp\libc_nano.a(lib_a-memset.o)
                0x0000000008006d3c                memset
 *(.glue_7)
 .glue_7        0x0000000008006d4c        0x0 linker stubs
 *(.glue_7t)
 .glue_7t       0x0000000008006d4c        0x0 linker stubs
 *(.eh_frame)
 .eh_frame      0x0000000008006d4c        0x0 c:/st/stm32cubeide_1.6.0/stm32cubeide/plugins/com.st.stm32cube.ide.mcu.externaltools.gnu-tools-for-stm32.9-2020-q2-update.win32_1.5.0.202011040924/tools/bin/../lib/gcc/arm-none-eabi/9.3.1/thumb/v7-m/nofp/crtbegin.o
 *(.init)
 .init          0x0000000008006d4c        0x4 c:/st/stm32cubeide_1.6.0/stm32cubeide/plugins/com.st.stm32cube.ide.mcu.externaltools.gnu-tools-for-stm32.9-2020-q2-update.win32_1.5.0.202011040924/tools/bin/../lib/gcc/arm-none-eabi/9.3.1/thumb/v7-m/nofp/crti.o
                0x0000000008006d4c                _init
 .init          0x0000000008006d50        0x8 c:/st/stm32cubeide_1.6.0/stm32cubeide/plugins/com.st.stm32cube.ide.mcu.externaltools.gnu-tools-for-stm32.9-2020-q2-update.win32_1.5.0.202011040924/tools/bin/../lib/gcc/arm-none-eabi/9.3.1/thumb/v7-m/nofp/crtn.o
 *(.fini)
 .fini          0x0000000008006d58        0x4 c:/st/stm32cubeide_1.6.0/stm32cubeide/plugins/com.st.stm32cube.ide.mcu.externaltools.gnu-tools-for-stm32.9-2020-q2-update.win32_1.5.0.202011040924/tools/bin/../lib/gcc/arm-none-eabi/9.3.1/thumb/v7-m/nofp/crti.o
                0x0000000008006d58                _fini
 .fini          0x0000000008006d5c        0x8 c:/st/stm32cubeide_1.6.0/stm32cubeide/plugins/com.st.stm32cube.ide.mcu.externaltools.gnu-tools-for-stm32.9-2020-q2-update.win32_1.5.0.202011040924/tools/bin/../lib/gcc/arm-none-eabi/9.3.1/thumb/v7-m/nofp/crtn.o
                0x0000000008006d64                . = ALIGN (0x4)
                0x0000000008006d64                _etext = .

.vfp11_veneer   0x0000000008006d64        0x0
 .vfp11_veneer  0x0000000008006d64        0x0 linker stubs

.v4_bx          0x0000000008006d64        0x0
 .v4_bx         0x0000000008006d64        0x0 linker stubs

.iplt           0x0000000008006d64        0x0
 .iplt          0x0000000008006d64        0x0 c:/st/stm32cubeide_1.6.0/stm32cubeide/plugins/com.st.stm32cube.ide.mcu.externaltools.gnu-tools-for-stm32.9-2020-q2-update.win32_1.5.0.202011040924/tools/bin/../lib/gcc/arm-none-eabi/9.3.1/thumb/v7-m/nofp/crtbegin.o

.rodata         0x0000000008006d64       0xf0
                0x0000000008006d64                . = ALIGN (0x4)
 *(.rodata)
 .rodata        0x0000000008006d64       0x10 Drivers/STM32F1xx_HAL_Driver/Src/stm32f1xx_hal_rcc.o
 .rodata        0x0000000008006d74       0x3e USB_DEVICE/App/usbd_desc.o
 *(.rodata*)
 *fill*         0x0000000008006db2        0x2 
 .rodata.MAKECODE_HID_MAP
                0x0000000008006db4       0x88 Core/Src/main.o
                0x0000000008006db4                MAKECODE_HID_MAP
 .rodata.AHBPrescTable
                0x0000000008006e3c       0x10 Core/Src/system_stm32f1xx.o
                0x0000000008006e3c                AHBPrescTable
 .rodata.APBPrescTable
                0x0000000008006e4c        0x8 Core/Src/system_stm32f1xx.o
                0x0000000008006e4c                APBPrescTable
                0x0000000008006e54                . = ALIGN (0x4)

.rel.dyn        0x0000000008006e54        0x0
 .rel.iplt      0x0000000008006e54        0x0 c:/st/stm32cubeide_1.6.0/stm32cubeide/plugins/com.st.stm32cube.ide.mcu.externaltools.gnu-tools-for-stm32.9-2020-q2-update.win32_1.5.0.202011040924/tools/bin/../lib/gcc/arm-none-eabi/9.3.1/thumb/v7-m/nofp/crtbegin.o

.ARM.extab      0x0000000008006e54        0x0
                0x0000000008006e54                . = ALIGN (0x4)
 *(.ARM.extab* .gnu.linkonce.armextab.*)
                0x0000000008006e54                . = ALIGN (0x4)

.ARM            0x0000000008006e54        0x0
                0x0000000008006e54                . = ALIGN (0x4)
                0x0000000008006e54                __exidx_start = .
 *(.ARM.exidx*)
                0x0000000008006e54                __exidx_end = .
                0x0000000008006e54                . = ALIGN (0x4)

.preinit_array  0x0000000008006e54        0x0
                0x0000000008006e54                . = ALIGN (0x4)
                0x0000000008006e54                PROVIDE (__preinit_array_start = .)
 *(.preinit_array*)
                0x0000000008006e54                PROVIDE (__preinit_array_end = .)
                0x0000000008006e54                . = ALIGN (0x4)

.init_array     0x0000000008006e54        0x4
                0x0000000008006e54                . = ALIGN (0x4)
                0x0000000008006e54                PROVIDE (__init_array_start = .)
 *(SORT_BY_NAME(.init_array.*))
 *(.init_array*)
 .init_array    0x0000000008006e54        0x4 c:/st/stm32cubeide_1.6.0/stm32cubeide/plugins/com.st.stm32cube.ide.mcu.externaltools.gnu-tools-for-stm32.9-2020-q2-update.win32_1.5.0.202011040924/tools/bin/../lib/gcc/arm-none-eabi/9.3.1/thumb/v7-m/nofp/crtbegin.o
                0x0000000008006e58                PROVIDE (__init_array_end = .)
                0x0000000008006e58                . = ALIGN (0x4)

.fini_array     0x0000000008006e58        0x4
                0x0000000008006e58                . = ALIGN (0x4)
                [!provide]                        PROVIDE (__fini_array_start = .)
 *(SORT_BY_NAME(.fini_array.*))
 *(.fini_array*)
 .fini_array    0x0000000008006e58        0x4 c:/st/stm32cubeide_1.6.0/stm32cubeide/plugins/com.st.stm32cube.ide.mcu.externaltools.gnu-tools-for-stm32.9-2020-q2-update.win32_1.5.0.202011040924/tools/bin/../lib/gcc/arm-none-eabi/9.3.1/thumb/v7-m/nofp/crtbegin.o
                [!provide]                        PROVIDE (__fini_array_end = .)
                0x0000000008006e5c                . = ALIGN (0x4)
                0x0000000008006e5c                _sidata = LOADADDR (.data)

.data           0x0000000020000000      0x158 load address 0x0000000008006e5c
                0x0000000020000000                . = ALIGN (0x4)
                0x0000000020000000                _sdata = .
 *(.data)
 *(.data*)
 .data.SystemCoreClock
                0x0000000020000000        0x4 Core/Src/system_stm32f1xx.o
                0x0000000020000000                SystemCoreClock
 .data.uwTickPrio
                0x0000000020000004        0x4 Drivers/STM32F1xx_HAL_Driver/Src/stm32f1xx_hal.o
                0x0000000020000004                uwTickPrio
 .data.uwTickFreq
                0x0000000020000008        0x1 Drivers/STM32F1xx_HAL_Driver/Src/stm32f1xx_hal.o
                0x0000000020000008                uwTickFreq
 *fill*         0x0000000020000009        0x3 
 .data.USBD_HID
                0x000000002000000c       0x38 Middlewares/ST/STM32_USB_Device_Library/Class/HID/Src/usbd_hid.o
                0x000000002000000c                USBD_HID
 .data.USBD_HID_CfgFSDesc
                0x0000000020000044       0x22 Middlewares/ST/STM32_USB_Device_Library/Class/HID/Src/usbd_hid.o
 *fill*         0x0000000020000066        0x2 
 .data.USBD_HID_CfgHSDesc
                0x0000000020000068       0x22 Middlewares/ST/STM32_USB_Device_Library/Class/HID/Src/usbd_hid.o
 *fill*         0x000000002000008a        0x2 
 .data.USBD_HID_OtherSpeedCfgDesc
                0x000000002000008c       0x22 Middlewares/ST/STM32_USB_Device_Library/Class/HID/Src/usbd_hid.o
 *fill*         0x00000000200000ae        0x2 
 .data.USBD_HID_Desc
                0x00000000200000b0        0x9 Middlewares/ST/STM32_USB_Device_Library/Class/HID/Src/usbd_hid.o
 *fill*         0x00000000200000b9        0x3 
 .data.USBD_HID_DeviceQualifierDesc
                0x00000000200000bc        0xa Middlewares/ST/STM32_USB_Device_Library/Class/HID/Src/usbd_hid.o
 *fill*         0x00000000200000c6        0x2 
 .data.HID_KBD_ReportDesc
                0x00000000200000c8       0x3f Middlewares/ST/STM32_USB_Device_Library/Class/HID/Src/usbd_hid.o
 *fill*         0x0000000020000107        0x1 
 .data.FS_Desc  0x0000000020000108       0x1c USB_DEVICE/App/usbd_desc.o
                0x0000000020000108                FS_Desc
 .data.USBD_FS_DeviceDesc
                0x0000000020000124       0x12 USB_DEVICE/App/usbd_desc.o
                0x0000000020000124                USBD_FS_DeviceDesc
 *fill*         0x0000000020000136        0x2 
 .data.USBD_LangIDDesc
                0x0000000020000138        0x4 USB_DEVICE/App/usbd_desc.o
                0x0000000020000138                USBD_LangIDDesc
 .data.USBD_StringSerial
                0x000000002000013c       0x1a USB_DEVICE/App/usbd_desc.o
                0x000000002000013c                USBD_StringSerial
 *(.RamFunc)
 *(.RamFunc*)
                0x0000000020000158                . = ALIGN (0x4)
 *fill*         0x0000000020000156        0x2 
                0x0000000020000158                _edata = .

.igot.plt       0x0000000020000158        0x0 load address 0x0000000008006fb4
 .igot.plt      0x0000000020000158        0x0 c:/st/stm32cubeide_1.6.0/stm32cubeide/plugins/com.st.stm32cube.ide.mcu.externaltools.gnu-tools-for-stm32.9-2020-q2-update.win32_1.5.0.202011040924/tools/bin/../lib/gcc/arm-none-eabi/9.3.1/thumb/v7-m/nofp/crtbegin.o
                0x0000000020000158                . = ALIGN (0x4)

.bss            0x0000000020000158      0x828 load address 0x0000000008006fb4
                0x0000000020000158                _sbss = .
                0x0000000020000158                __bss_start__ = _sbss
 *(.bss)
 .bss           0x0000000020000158       0x1c c:/st/stm32cubeide_1.6.0/stm32cubeide/plugins/com.st.stm32cube.ide.mcu.externaltools.gnu-tools-for-stm32.9-2020-q2-update.win32_1.5.0.202011040924/tools/bin/../lib/gcc/arm-none-eabi/9.3.1/thumb/v7-m/nofp/crtbegin.o
 *(.bss*)
 .bss.prevCode.7766
                0x0000000020000174        0x1 Core/Src/main.o
 .bss.cfgidx.7830
                0x0000000020000175        0x1 Middlewares/ST/STM32_USB_Device_Library/Core/Src/usbd_ctlreq.o
 *fill*         0x0000000020000176        0x2 
 .bss.mem.7872  0x0000000020000178       0x14 USB_DEVICE/Target/usbd_conf.o
 *(COMMON)
 COMMON         0x000000002000018c       0x40 Core/Src/main.o
                0x000000002000018c                huart2
 COMMON         0x00000000200001cc        0x4 Drivers/STM32F1xx_HAL_Driver/Src/stm32f1xx_hal.o
                0x00000000200001cc                uwTick
 COMMON         0x00000000200001d0      0x2c4 USB_DEVICE/App/usb_device.o
                0x00000000200001d0                hUsbDeviceFS
 COMMON         0x0000000020000494      0x200 USB_DEVICE/App/usbd_desc.o
                0x0000000020000494                USBD_StrDesc
 COMMON         0x0000000020000694      0x2ec USB_DEVICE/Target/usbd_conf.o
                0x0000000020000694                hpcd_USB_FS
                0x0000000020000980                . = ALIGN (0x4)
                0x0000000020000980                _ebss = .
                0x0000000020000980                __bss_end__ = _ebss

._user_heap_stack
                0x0000000020000980      0x600 load address 0x0000000008006fb4
                0x0000000020000980                . = ALIGN (0x8)
                [!provide]                        PROVIDE (end = .)
                0x0000000020000980                PROVIDE (_end = .)
                0x0000000020000b80                . = (. + _Min_Heap_Size)
 *fill*         0x0000000020000980      0x200 
                0x0000000020000f80                . = (. + _Min_Stack_Size)
 *fill*         0x0000000020000b80      0x400 
                0x0000000020000f80                . = ALIGN (0x8)

/DISCARD/
 libc.a(*)
 libm.a(*)
 libgcc.a(*)

.ARM.attributes
                0x0000000000000000       0x29
 *(.ARM.attributes)
 .ARM.attributes
                0x0000000000000000       0x1d c:/st/stm32cubeide_1.6.0/stm32cubeide/plugins/com.st.stm32cube.ide.mcu.externaltools.gnu-tools-for-stm32.9-2020-q2-update.win32_1.5.0.202011040924/tools/bin/../lib/gcc/arm-none-eabi/9.3.1/thumb/v7-m/nofp/crti.o
 .ARM.attributes
                0x000000000000001d       0x2d c:/st/stm32cubeide_1.6.0/stm32cubeide/plugins/com.st.stm32cube.ide.mcu.externaltools.gnu-tools-for-stm32.9-2020-q2-update.win32_1.5.0.202011040924/tools/bin/../lib/gcc/arm-none-eabi/9.3.1/thumb/v7-m/nofp/crtbegin.o
 .ARM.attributes
                0x000000000000004a       0x2d Core/Src/main.o
 .ARM.attributes
                0x0000000000000077       0x2d Core/Src/stm32f1xx_hal_msp.o
 .ARM.attributes
                0x00000000000000a4       0x2d Core/Src/stm32f1xx_it.o
 .ARM.attributes
                0x00000000000000d1       0x2d Core/Src/system_stm32f1xx.o
 .ARM.attributes
                0x00000000000000fe       0x21 Core/Startup/startup_stm32f103c8tx.o
 .ARM.attributes
                0x000000000000011f       0x2d Drivers/STM32F1xx_HAL_Driver/Src/stm32f1xx_hal.o
 .ARM.attributes
                0x000000000000014c       0x2d Drivers/STM32F1xx_HAL_Driver/Src/stm32f1xx_hal_cortex.o
 .ARM.attributes
                0x0000000000000179       0x2d Drivers/STM32F1xx_HAL_Driver/Src/stm32f1xx_hal_gpio.o
 .ARM.attributes
                0x00000000000001a6       0x2d Drivers/STM32F1xx_HAL_Driver/Src/stm32f1xx_hal_pcd.o
 .ARM.attributes
                0x00000000000001d3       0x2d Drivers/STM32F1xx_HAL_Driver/Src/stm32f1xx_hal_pcd_ex.o
 .ARM.attributes
                0x0000000000000200       0x2d Drivers/STM32F1xx_HAL_Driver/Src/stm32f1xx_hal_rcc.o
 .ARM.attributes
                0x000000000000022d       0x2d Drivers/STM32F1xx_HAL_Driver/Src/stm32f1xx_hal_rcc_ex.o
 .ARM.attributes
                0x000000000000025a       0x2d Drivers/STM32F1xx_HAL_Driver/Src/stm32f1xx_hal_uart.o
 .ARM.attributes
                0x0000000000000287       0x2d Drivers/STM32F1xx_HAL_Driver/Src/stm32f1xx_ll_usb.o
 .ARM.attributes
                0x00000000000002b4       0x2d Middlewares/ST/STM32_USB_Device_Library/Class/HID/Src/usbd_hid.o
 .ARM.attributes
                0x00000000000002e1       0x2d Middlewares/ST/STM32_USB_Device_Library/Core/Src/usbd_core.o
 .ARM.attributes
                0x000000000000030e       0x2d Middlewares/ST/STM32_USB_Device_Library/Core/Src/usbd_ctlreq.o
 .ARM.attributes
                0x000000000000033b       0x2d Middlewares/ST/STM32_USB_Device_Library/Core/Src/usbd_ioreq.o
 .ARM.attributes
                0x0000000000000368       0x2d USB_DEVICE/App/usb_device.o
 .ARM.attributes
                0x0000000000000395       0x2d USB_DEVICE/App/usbd_desc.o
 .ARM.attributes
                0x00000000000003c2       0x2d USB_DEVICE/Target/usbd_conf.o
 .ARM.attributes
                0x00000000000003ef       0x2d c:/st/stm32cubeide_1.6.0/stm32cubeide/plugins/com.st.stm32cube.ide.mcu.externaltools.gnu-tools-for-stm32.9-2020-q2-update.win32_1.5.0.202011040924/tools/bin/../lib/gcc/arm-none-eabi/9.3.1/../../../../arm-none-eabi/lib/thumb/v7-m/nofp\libc_nano.a(lib_a-init.o)
 .ARM.attributes
                0x000000000000041c       0x2d c:/st/stm32cubeide_1.6.0/stm32cubeide/plugins/com.st.stm32cube.ide.mcu.externaltools.gnu-tools-for-stm32.9-2020-q2-update.win32_1.5.0.202011040924/tools/bin/../lib/gcc/arm-none-eabi/9.3.1/../../../../arm-none-eabi/lib/thumb/v7-m/nofp\libc_nano.a(lib_a-memset.o)
 .ARM.attributes
                0x0000000000000449       0x1d c:/st/stm32cubeide_1.6.0/stm32cubeide/plugins/com.st.stm32cube.ide.mcu.externaltools.gnu-tools-for-stm32.9-2020-q2-update.win32_1.5.0.202011040924/tools/bin/../lib/gcc/arm-none-eabi/9.3.1/thumb/v7-m/nofp/crtn.o
OUTPUT(UART_USB.elf elf32-littlearm)
LOAD linker stubs
LOAD c:/st/stm32cubeide_1.6.0/stm32cubeide/plugins/com.st.stm32cube.ide.mcu.externaltools.gnu-tools-for-stm32.9-2020-q2-update.win32_1.5.0.202011040924/tools/bin/../lib/gcc/arm-none-eabi/9.3.1/../../../../arm-none-eabi/lib/thumb/v7-m/nofp\libc.a
LOAD c:/st/stm32cubeide_1.6.0/stm32cubeide/plugins/com.st.stm32cube.ide.mcu.externaltools.gnu-tools-for-stm32.9-2020-q2-update.win32_1.5.0.202011040924/tools/bin/../lib/gcc/arm-none-eabi/9.3.1/../../../../arm-none-eabi/lib/thumb/v7-m/nofp\libm.a
LOAD c:/st/stm32cubeide_1.6.0/stm32cubeide/plugins/com.st.stm32cube.ide.mcu.externaltools.gnu-tools-for-stm32.9-2020-q2-update.win32_1.5.0.202011040924/tools/bin/../lib/gcc/arm-none-eabi/9.3.1/thumb/v7-m/nofp\libgcc.a

.debug_info     0x0000000000000000    0x11d10
 .debug_info    0x0000000000000000     0x17dd Core/Src/main.o
 .debug_info    0x00000000000017dd      0x8b9 Core/Src/stm32f1xx_hal_msp.o
 .debug_info    0x0000000000002096      0x711 Core/Src/stm32f1xx_it.o
 .debug_info    0x00000000000027a7      0x2be Core/Src/system_stm32f1xx.o
 .debug_info    0x0000000000002a65       0x22 Core/Startup/startup_stm32f103c8tx.o
 .debug_info    0x0000000000002a87      0x76a Drivers/STM32F1xx_HAL_Driver/Src/stm32f1xx_hal.o
 .debug_info    0x00000000000031f1      0xbdc Drivers/STM32F1xx_HAL_Driver/Src/stm32f1xx_hal_cortex.o
 .debug_info    0x0000000000003dcd      0x701 Drivers/STM32F1xx_HAL_Driver/Src/stm32f1xx_hal_gpio.o
 .debug_info    0x00000000000044ce     0x1332 Drivers/STM32F1xx_HAL_Driver/Src/stm32f1xx_hal_pcd.o
 .debug_info    0x0000000000005800      0x7fa Drivers/STM32F1xx_HAL_Driver/Src/stm32f1xx_hal_pcd_ex.o
 .debug_info    0x0000000000005ffa      0x88e Drivers/STM32F1xx_HAL_Driver/Src/stm32f1xx_hal_rcc.o
 .debug_info    0x0000000000006888      0x480 Drivers/STM32F1xx_HAL_Driver/Src/stm32f1xx_hal_rcc_ex.o
 .debug_info    0x0000000000006d08     0x1322 Drivers/STM32F1xx_HAL_Driver/Src/stm32f1xx_hal_uart.o
 .debug_info    0x000000000000802a     0x1911 Drivers/STM32F1xx_HAL_Driver/Src/stm32f1xx_ll_usb.o
 .debug_info    0x000000000000993b     0x124f Middlewares/ST/STM32_USB_Device_Library/Class/HID/Src/usbd_hid.o
 .debug_info    0x000000000000ab8a     0x12ef Middlewares/ST/STM32_USB_Device_Library/Core/Src/usbd_core.o
 .debug_info    0x000000000000be79     0x125c Middlewares/ST/STM32_USB_Device_Library/Core/Src/usbd_ctlreq.o
 .debug_info    0x000000000000d0d5     0x102e Middlewares/ST/STM32_USB_Device_Library/Core/Src/usbd_ioreq.o
 .debug_info    0x000000000000e103      0xeaf USB_DEVICE/App/usb_device.o
 .debug_info    0x000000000000efb2      0xde8 USB_DEVICE/App/usbd_desc.o
 .debug_info    0x000000000000fd9a     0x1f76 USB_DEVICE/Target/usbd_conf.o

.debug_abbrev   0x0000000000000000     0x2d43
 .debug_abbrev  0x0000000000000000      0x319 Core/Src/main.o
 .debug_abbrev  0x0000000000000319      0x1ac Core/Src/stm32f1xx_hal_msp.o
 .debug_abbrev  0x00000000000004c5      0x173 Core/Src/stm32f1xx_it.o
 .debug_abbrev  0x0000000000000638      0x14e Core/Src/system_stm32f1xx.o
 .debug_abbrev  0x0000000000000786       0x12 Core/Startup/startup_stm32f103c8tx.o
 .debug_abbrev  0x0000000000000798      0x1ed Drivers/STM32F1xx_HAL_Driver/Src/stm32f1xx_hal.o
 .debug_abbrev  0x0000000000000985      0x313 Drivers/STM32F1xx_HAL_Driver/Src/stm32f1xx_hal_cortex.o
 .debug_abbrev  0x0000000000000c98      0x1e8 Drivers/STM32F1xx_HAL_Driver/Src/stm32f1xx_hal_gpio.o
 .debug_abbrev  0x0000000000000e80      0x29e Drivers/STM32F1xx_HAL_Driver/Src/stm32f1xx_hal_pcd.o
 .debug_abbrev  0x000000000000111e      0x1ac Drivers/STM32F1xx_HAL_Driver/Src/stm32f1xx_hal_pcd_ex.o
 .debug_abbrev  0x00000000000012ca      0x273 Drivers/STM32F1xx_HAL_Driver/Src/stm32f1xx_hal_rcc.o
 .debug_abbrev  0x000000000000153d      0x193 Drivers/STM32F1xx_HAL_Driver/Src/stm32f1xx_hal_rcc_ex.o
 .debug_abbrev  0x00000000000016d0      0x270 Drivers/STM32F1xx_HAL_Driver/Src/stm32f1xx_hal_uart.o
 .debug_abbrev  0x0000000000001940      0x1fa Drivers/STM32F1xx_HAL_Driver/Src/stm32f1xx_ll_usb.o
 .debug_abbrev  0x0000000000001b3a      0x2b7 Middlewares/ST/STM32_USB_Device_Library/Class/HID/Src/usbd_hid.o
 .debug_abbrev  0x0000000000001df1      0x2a8 Middlewares/ST/STM32_USB_Device_Library/Core/Src/usbd_core.o
 .debug_abbrev  0x0000000000002099      0x2de Middlewares/ST/STM32_USB_Device_Library/Core/Src/usbd_ctlreq.o
 .debug_abbrev  0x0000000000002377      0x20a Middlewares/ST/STM32_USB_Device_Library/Core/Src/usbd_ioreq.o
 .debug_abbrev  0x0000000000002581      0x1db USB_DEVICE/App/usb_device.o
 .debug_abbrev  0x000000000000275c      0x2ca USB_DEVICE/App/usbd_desc.o
 .debug_abbrev  0x0000000000002a26      0x31d USB_DEVICE/Target/usbd_conf.o

.debug_aranges  0x0000000000000000      0xbf0
 .debug_aranges
                0x0000000000000000       0x50 Core/Src/main.o
 .debug_aranges
                0x0000000000000050       0x30 Core/Src/stm32f1xx_hal_msp.o
 .debug_aranges
                0x0000000000000080       0x68 Core/Src/stm32f1xx_it.o
 .debug_aranges
                0x00000000000000e8       0x28 Core/Src/system_stm32f1xx.o
 .debug_aranges
                0x0000000000000110       0x28 Core/Startup/startup_stm32f103c8tx.o
 .debug_aranges
                0x0000000000000138       0xe0 Drivers/STM32F1xx_HAL_Driver/Src/stm32f1xx_hal.o
 .debug_aranges
                0x0000000000000218      0x100 Drivers/STM32F1xx_HAL_Driver/Src/stm32f1xx_hal_cortex.o
 .debug_aranges
                0x0000000000000318       0x58 Drivers/STM32F1xx_HAL_Driver/Src/stm32f1xx_hal_gpio.o
 .debug_aranges
                0x0000000000000370      0x138 Drivers/STM32F1xx_HAL_Driver/Src/stm32f1xx_hal_pcd.o
 .debug_aranges
                0x00000000000004a8       0x38 Drivers/STM32F1xx_HAL_Driver/Src/stm32f1xx_hal_pcd_ex.o
 .debug_aranges
                0x00000000000004e0       0x90 Drivers/STM32F1xx_HAL_Driver/Src/stm32f1xx_hal_rcc.o
 .debug_aranges
                0x0000000000000570       0x30 Drivers/STM32F1xx_HAL_Driver/Src/stm32f1xx_hal_rcc_ex.o
 .debug_aranges
                0x00000000000005a0      0x1d0 Drivers/STM32F1xx_HAL_Driver/Src/stm32f1xx_hal_uart.o
 .debug_aranges
                0x0000000000000770       0xf0 Drivers/STM32F1xx_HAL_Driver/Src/stm32f1xx_ll_usb.o
 .debug_aranges
                0x0000000000000860       0x68 Middlewares/ST/STM32_USB_Device_Library/Class/HID/Src/usbd_hid.o
 .debug_aranges
                0x00000000000008c8       0xb8 Middlewares/ST/STM32_USB_Device_Library/Core/Src/usbd_core.o
 .debug_aranges
                0x0000000000000980       0x88 Middlewares/ST/STM32_USB_Device_Library/Core/Src/usbd_ctlreq.o
 .debug_aranges
                0x0000000000000a08       0x50 Middlewares/ST/STM32_USB_Device_Library/Core/Src/usbd_ioreq.o
 .debug_aranges
                0x0000000000000a58       0x20 USB_DEVICE/App/usb_device.o
 .debug_aranges
                0x0000000000000a78       0x60 USB_DEVICE/App/usbd_desc.o
 .debug_aranges
                0x0000000000000ad8      0x118 USB_DEVICE/Target/usbd_conf.o

.debug_ranges   0x0000000000000000      0xaa8
 .debug_ranges  0x0000000000000000       0x40 Core/Src/main.o
 .debug_ranges  0x0000000000000040       0x20 Core/Src/stm32f1xx_hal_msp.o
 .debug_ranges  0x0000000000000060       0x58 Core/Src/stm32f1xx_it.o
 .debug_ranges  0x00000000000000b8       0x18 Core/Src/system_stm32f1xx.o
 .debug_ranges  0x00000000000000d0       0x20 Core/Startup/startup_stm32f103c8tx.o
 .debug_ranges  0x00000000000000f0       0xd0 Drivers/STM32F1xx_HAL_Driver/Src/stm32f1xx_hal.o
 .debug_ranges  0x00000000000001c0       0xf0 Drivers/STM32F1xx_HAL_Driver/Src/stm32f1xx_hal_cortex.o
 .debug_ranges  0x00000000000002b0       0x48 Drivers/STM32F1xx_HAL_Driver/Src/stm32f1xx_hal_gpio.o
 .debug_ranges  0x00000000000002f8      0x128 Drivers/STM32F1xx_HAL_Driver/Src/stm32f1xx_hal_pcd.o
 .debug_ranges  0x0000000000000420       0x28 Drivers/STM32F1xx_HAL_Driver/Src/stm32f1xx_hal_pcd_ex.o
 .debug_ranges  0x0000000000000448       0x80 Drivers/STM32F1xx_HAL_Driver/Src/stm32f1xx_hal_rcc.o
 .debug_ranges  0x00000000000004c8       0x20 Drivers/STM32F1xx_HAL_Driver/Src/stm32f1xx_hal_rcc_ex.o
 .debug_ranges  0x00000000000004e8      0x1c0 Drivers/STM32F1xx_HAL_Driver/Src/stm32f1xx_hal_uart.o
 .debug_ranges  0x00000000000006a8       0xe0 Drivers/STM32F1xx_HAL_Driver/Src/stm32f1xx_ll_usb.o
 .debug_ranges  0x0000000000000788       0x58 Middlewares/ST/STM32_USB_Device_Library/Class/HID/Src/usbd_hid.o
 .debug_ranges  0x00000000000007e0       0xa8 Middlewares/ST/STM32_USB_Device_Library/Core/Src/usbd_core.o
 .debug_ranges  0x0000000000000888       0x78 Middlewares/ST/STM32_USB_Device_Library/Core/Src/usbd_ctlreq.o
 .debug_ranges  0x0000000000000900       0x40 Middlewares/ST/STM32_USB_Device_Library/Core/Src/usbd_ioreq.o
 .debug_ranges  0x0000000000000940       0x10 USB_DEVICE/App/usb_device.o
 .debug_ranges  0x0000000000000950       0x50 USB_DEVICE/App/usbd_desc.o
 .debug_ranges  0x00000000000009a0      0x108 USB_DEVICE/Target/usbd_conf.o

.debug_macro    0x0000000000000000    0x1970d
 .debug_macro   0x0000000000000000      0x3e2 Core/Src/main.o
 .debug_macro   0x00000000000003e2      0xa9c Core/Src/main.o
 .debug_macro   0x0000000000000e7e      0x21b Core/Src/main.o
 .debug_macro   0x0000000000001099       0x2e Core/Src/main.o
 .debug_macro   0x00000000000010c7       0x22 Core/Src/main.o
 .debug_macro   0x00000000000010e9       0x22 Core/Src/main.o
 .debug_macro   0x000000000000110b       0x8e Core/Src/main.o
 .debug_macro   0x0000000000001199       0x51 Core/Src/main.o
 .debug_macro   0x00000000000011ea      0x103 Core/Src/main.o
 .debug_macro   0x00000000000012ed       0x6a Core/Src/main.o
 .debug_macro   0x0000000000001357      0x1df Core/Src/main.o
 .debug_macro   0x0000000000001536       0x1c Core/Src/main.o
 .debug_macro   0x0000000000001552       0x22 Core/Src/main.o
 .debug_macro   0x0000000000001574       0xc3 Core/Src/main.o
 .debug_macro   0x0000000000001637      0xd23 Core/Src/main.o
 .debug_macro   0x000000000000235a     0xe097 Core/Src/main.o
 .debug_macro   0x00000000000103f1       0x43 Core/Src/main.o
 .debug_macro   0x0000000000010434     0x3468 Core/Src/main.o
 .debug_macro   0x000000000001389c      0x174 Core/Src/main.o
 .debug_macro   0x0000000000013a10       0x5c Core/Src/main.o
 .debug_macro   0x0000000000013a6c      0x5be Core/Src/main.o
 .debug_macro   0x000000000001402a      0x289 Core/Src/main.o
 .debug_macro   0x00000000000142b3      0x1cb Core/Src/main.o
 .debug_macro   0x000000000001447e      0x114 Core/Src/main.o
 .debug_macro   0x0000000000014592      0x1b2 Core/Src/main.o
 .debug_macro   0x0000000000014744       0x27 Core/Src/main.o
 .debug_macro   0x000000000001476b      0x136 Core/Src/main.o
 .debug_macro   0x00000000000148a1      0x1bc Core/Src/main.o
 .debug_macro   0x0000000000014a5d       0x34 Core/Src/main.o
 .debug_macro   0x0000000000014a91       0x3c Core/Src/main.o
 .debug_macro   0x0000000000014acd       0x57 Core/Src/main.o
 .debug_macro   0x0000000000014b24       0x88 Core/Src/main.o
 .debug_macro   0x0000000000014bac      0x241 Core/Src/main.o
 .debug_macro   0x0000000000014ded      0x141 Core/Src/main.o
 .debug_macro   0x0000000000014f2e      0x26b Core/Src/main.o
 .debug_macro   0x0000000000015199       0x65 Core/Src/main.o
 .debug_macro   0x00000000000151fe      0x249 Core/Src/main.o
 .debug_macro   0x0000000000015447       0x83 Core/Src/main.o
 .debug_macro   0x00000000000154ca       0x52 Core/Src/main.o
 .debug_macro   0x000000000001551c       0x18 Core/Src/main.o
 .debug_macro   0x0000000000015534       0x3c Core/Src/main.o
 .debug_macro   0x0000000000015570       0x34 Core/Src/main.o
 .debug_macro   0x00000000000155a4       0x16 Core/Src/main.o
 .debug_macro   0x00000000000155ba       0x35 Core/Src/main.o
 .debug_macro   0x00000000000155ef      0x333 Core/Src/main.o
 .debug_macro   0x0000000000015922       0x10 Core/Src/main.o
 .debug_macro   0x0000000000015932       0x16 Core/Src/main.o
 .debug_macro   0x0000000000015948       0x43 Core/Src/main.o
 .debug_macro   0x000000000001598b       0x34 Core/Src/main.o
 .debug_macro   0x00000000000159bf       0x10 Core/Src/main.o
 .debug_macro   0x00000000000159cf       0x58 Core/Src/main.o
 .debug_macro   0x0000000000015a27       0x71 Core/Src/main.o
 .debug_macro   0x0000000000015a98       0x1c Core/Src/main.o
 .debug_macro   0x0000000000015ab4      0x12a Core/Src/main.o
 .debug_macro   0x0000000000015bde       0x10 Core/Src/main.o
 .debug_macro   0x0000000000015bee       0x1c Core/Src/main.o
 .debug_macro   0x0000000000015c0a       0x52 Core/Src/main.o
 .debug_macro   0x0000000000015c5c       0x22 Core/Src/main.o
 .debug_macro   0x0000000000015c7e       0x10 Core/Src/main.o
 .debug_macro   0x0000000000015c8e       0x40 Core/Src/main.o
 .debug_macro   0x0000000000015cce       0xd5 Core/Src/main.o
 .debug_macro   0x0000000000015da3       0x1c Core/Src/main.o
 .debug_macro   0x0000000000015dbf       0x3d Core/Src/main.o
 .debug_macro   0x0000000000015dfc       0x16 Core/Src/main.o
 .debug_macro   0x0000000000015e12      0x145 Core/Src/main.o
 .debug_macro   0x0000000000015f57       0x16 Core/Src/main.o
 .debug_macro   0x0000000000015f6d       0x16 Core/Src/main.o
 .debug_macro   0x0000000000015f83       0x29 Core/Src/main.o
 .debug_macro   0x0000000000015fac       0x16 Core/Src/main.o
 .debug_macro   0x0000000000015fc2       0x20 Core/Src/main.o
 .debug_macro   0x0000000000015fe2       0x60 Core/Src/main.o
 .debug_macro   0x0000000000016042      0x1c8 Core/Src/main.o
 .debug_macro   0x000000000001620a       0x5e Core/Src/main.o
 .debug_macro   0x0000000000016268      0x1bc Core/Src/stm32f1xx_hal_msp.o
 .debug_macro   0x0000000000016424      0x1c6 Core/Src/stm32f1xx_it.o
 .debug_macro   0x00000000000165ea      0x1b2 Core/Src/system_stm32f1xx.o
 .debug_macro   0x000000000001679c      0x1d6 Drivers/STM32F1xx_HAL_Driver/Src/stm32f1xx_hal.o
 .debug_macro   0x0000000000016972      0x1b2 Drivers/STM32F1xx_HAL_Driver/Src/stm32f1xx_hal_cortex.o
 .debug_macro   0x0000000000016b24      0x21d Drivers/STM32F1xx_HAL_Driver/Src/stm32f1xx_hal_gpio.o
 .debug_macro   0x0000000000016d41      0x1be Drivers/STM32F1xx_HAL_Driver/Src/stm32f1xx_hal_pcd.o
 .debug_macro   0x0000000000016eff      0x1b2 Drivers/STM32F1xx_HAL_Driver/Src/stm32f1xx_hal_pcd_ex.o
 .debug_macro   0x00000000000170b1      0x1c4 Drivers/STM32F1xx_HAL_Driver/Src/stm32f1xx_hal_rcc.o
 .debug_macro   0x0000000000017275      0x1b2 Drivers/STM32F1xx_HAL_Driver/Src/stm32f1xx_hal_rcc_ex.o
 .debug_macro   0x0000000000017427      0x1b3 Drivers/STM32F1xx_HAL_Driver/Src/stm32f1xx_hal_uart.o
 .debug_macro   0x00000000000175da      0x1b2 Drivers/STM32F1xx_HAL_Driver/Src/stm32f1xx_ll_usb.o
 .debug_macro   0x000000000001778c      0x3d2 Middlewares/ST/STM32_USB_Device_Library/Class/HID/Src/usbd_hid.o
 .debug_macro   0x0000000000017b5e       0x97 Middlewares/ST/STM32_USB_Device_Library/Class/HID/Src/usbd_hid.o
 .debug_macro   0x0000000000017bf5       0xfd Middlewares/ST/STM32_USB_Device_Library/Class/HID/Src/usbd_hid.o
 .debug_macro   0x0000000000017cf2       0xbd Middlewares/ST/STM32_USB_Device_Library/Class/HID/Src/usbd_hid.o
 .debug_macro   0x0000000000017daf       0x56 Middlewares/ST/STM32_USB_Device_Library/Class/HID/Src/usbd_hid.o
 .debug_macro   0x0000000000017e05      0x3b9 Middlewares/ST/STM32_USB_Device_Library/Core/Src/usbd_core.o
 .debug_macro   0x00000000000181be      0x1ce Middlewares/ST/STM32_USB_Device_Library/Core/Src/usbd_core.o
 .debug_macro   0x000000000001838c      0x3c3 Middlewares/ST/STM32_USB_Device_Library/Core/Src/usbd_ctlreq.o
 .debug_macro   0x000000000001874f      0x3bf Middlewares/ST/STM32_USB_Device_Library/Core/Src/usbd_ioreq.o
 .debug_macro   0x0000000000018b0e      0x3ef USB_DEVICE/App/usb_device.o
 .debug_macro   0x0000000000018efd       0x22 USB_DEVICE/App/usb_device.o
 .debug_macro   0x0000000000018f1f      0x3f6 USB_DEVICE/App/usbd_desc.o
 .debug_macro   0x0000000000019315       0x1c USB_DEVICE/App/usbd_desc.o
 .debug_macro   0x0000000000019331      0x3dc USB_DEVICE/Target/usbd_conf.o

.debug_line     0x0000000000000000     0xebb4
 .debug_line    0x0000000000000000      0xb40 Core/Src/main.o
 .debug_line    0x0000000000000b40      0x6e7 Core/Src/stm32f1xx_hal_msp.o
 .debug_line    0x0000000000001227      0x76d Core/Src/stm32f1xx_it.o
 .debug_line    0x0000000000001994      0x711 Core/Src/system_stm32f1xx.o
 .debug_line    0x00000000000020a5       0x84 Core/Startup/startup_stm32f103c8tx.o
 .debug_line    0x0000000000002129      0x93e Drivers/STM32F1xx_HAL_Driver/Src/stm32f1xx_hal.o
 .debug_line    0x0000000000002a67      0xb26 Drivers/STM32F1xx_HAL_Driver/Src/stm32f1xx_hal_cortex.o
 .debug_line    0x000000000000358d      0x9d5 Drivers/STM32F1xx_HAL_Driver/Src/stm32f1xx_hal_gpio.o
 .debug_line    0x0000000000003f62     0x12bd Drivers/STM32F1xx_HAL_Driver/Src/stm32f1xx_hal_pcd.o
 .debug_line    0x000000000000521f      0x70c Drivers/STM32F1xx_HAL_Driver/Src/stm32f1xx_hal_pcd_ex.o
 .debug_line    0x000000000000592b      0xd4c Drivers/STM32F1xx_HAL_Driver/Src/stm32f1xx_hal_rcc.o
 .debug_line    0x0000000000006677      0x88a Drivers/STM32F1xx_HAL_Driver/Src/stm32f1xx_hal_rcc_ex.o
 .debug_line    0x0000000000006f01     0x1748 Drivers/STM32F1xx_HAL_Driver/Src/stm32f1xx_hal_uart.o
 .debug_line    0x0000000000008649      0xf93 Drivers/STM32F1xx_HAL_Driver/Src/stm32f1xx_ll_usb.o
 .debug_line    0x00000000000095dc      0xbd9 Middlewares/ST/STM32_USB_Device_Library/Class/HID/Src/usbd_hid.o
 .debug_line    0x000000000000a1b5      0xda0 Middlewares/ST/STM32_USB_Device_Library/Core/Src/usbd_core.o
 .debug_line    0x000000000000af55      0xfbf Middlewares/ST/STM32_USB_Device_Library/Core/Src/usbd_ctlreq.o
 .debug_line    0x000000000000bf14      0xa36 Middlewares/ST/STM32_USB_Device_Library/Core/Src/usbd_ioreq.o
 .debug_line    0x000000000000c94a      0x9dc USB_DEVICE/App/usb_device.o
 .debug_line    0x000000000000d326      0xabf USB_DEVICE/App/usbd_desc.o
 .debug_line    0x000000000000dde5      0xdcf USB_DEVICE/Target/usbd_conf.o

.debug_str      0x0000000000000000    0x86a28
 .debug_str     0x0000000000000000    0x83f18 Core/Src/main.o
                                      0x843d3 (size before relaxing)
 .debug_str     0x0000000000083f18       0xc1 Core/Src/stm32f1xx_hal_msp.o
                                      0x7f068 (size before relaxing)
 .debug_str     0x0000000000083fd9      0x39e Core/Src/stm32f1xx_it.o
                                      0x7f003 (size before relaxing)
 .debug_str     0x0000000000084377       0x52 Core/Src/system_stm32f1xx.o
                                      0x7ec4d (size before relaxing)
 .debug_str     0x00000000000843c9       0x36 Core/Startup/startup_stm32f103c8tx.o
                                         0x74 (size before relaxing)
 .debug_str     0x00000000000843ff      0x55e Drivers/STM32F1xx_HAL_Driver/Src/stm32f1xx_hal.o
                                      0x7f2de (size before relaxing)
 .debug_str     0x000000000008495d      0x2d8 Drivers/STM32F1xx_HAL_Driver/Src/stm32f1xx_hal_cortex.o
                                      0x7f2e6 (size before relaxing)
 .debug_str     0x0000000000084c35      0x340 Drivers/STM32F1xx_HAL_Driver/Src/stm32f1xx_hal_gpio.o
                                      0x7f011 (size before relaxing)
 .debug_str     0x0000000000084f75      0x3e5 Drivers/STM32F1xx_HAL_Driver/Src/stm32f1xx_hal_pcd.o
                                      0x7f3a0 (size before relaxing)
 .debug_str     0x000000000008535a      0x18d Drivers/STM32F1xx_HAL_Driver/Src/stm32f1xx_hal_pcd_ex.o
                                      0x7f0ed (size before relaxing)
 .debug_str     0x00000000000854e7      0x24f Drivers/STM32F1xx_HAL_Driver/Src/stm32f1xx_hal_rcc.o
                                      0x7f04a (size before relaxing)
 .debug_str     0x0000000000085736       0xb9 Drivers/STM32F1xx_HAL_Driver/Src/stm32f1xx_hal_rcc_ex.o
                                      0x7edd7 (size before relaxing)
 .debug_str     0x00000000000857ef      0x538 Drivers/STM32F1xx_HAL_Driver/Src/stm32f1xx_hal_uart.o
                                      0x7f550 (size before relaxing)
 .debug_str     0x0000000000085d27      0x2a1 Drivers/STM32F1xx_HAL_Driver/Src/stm32f1xx_ll_usb.o
                                      0x7f120 (size before relaxing)
 .debug_str     0x0000000000085fc8      0x26e Middlewares/ST/STM32_USB_Device_Library/Class/HID/Src/usbd_hid.o
                                      0x83f44 (size before relaxing)
 .debug_str     0x0000000000086236      0x1a2 Middlewares/ST/STM32_USB_Device_Library/Core/Src/usbd_core.o
                                      0x83d4c (size before relaxing)
 .debug_str     0x00000000000863d8      0x12f Middlewares/ST/STM32_USB_Device_Library/Core/Src/usbd_ctlreq.o
                                      0x83cd2 (size before relaxing)
 .debug_str     0x0000000000086507       0xc9 Middlewares/ST/STM32_USB_Device_Library/Core/Src/usbd_ioreq.o
                                      0x83c5a (size before relaxing)
 .debug_str     0x00000000000865d0       0xb5 USB_DEVICE/App/usb_device.o
                                      0x83dc9 (size before relaxing)
 .debug_str     0x0000000000086685      0x24f USB_DEVICE/App/usbd_desc.o
                                      0x83bbc (size before relaxing)
 .debug_str     0x00000000000868d4      0x154 USB_DEVICE/Target/usbd_conf.o
                                      0x84717 (size before relaxing)

.comment        0x0000000000000000       0x53
 .comment       0x0000000000000000       0x53 Core/Src/main.o
                                         0x54 (size before relaxing)
 .comment       0x0000000000000053       0x54 Core/Src/stm32f1xx_hal_msp.o
 .comment       0x0000000000000053       0x54 Core/Src/stm32f1xx_it.o
 .comment       0x0000000000000053       0x54 Core/Src/system_stm32f1xx.o
 .comment       0x0000000000000053       0x54 Drivers/STM32F1xx_HAL_Driver/Src/stm32f1xx_hal.o
 .comment       0x0000000000000053       0x54 Drivers/STM32F1xx_HAL_Driver/Src/stm32f1xx_hal_cortex.o
 .comment       0x0000000000000053       0x54 Drivers/STM32F1xx_HAL_Driver/Src/stm32f1xx_hal_gpio.o
 .comment       0x0000000000000053       0x54 Drivers/STM32F1xx_HAL_Driver/Src/stm32f1xx_hal_pcd.o
 .comment       0x0000000000000053       0x54 Drivers/STM32F1xx_HAL_Driver/Src/stm32f1xx_hal_pcd_ex.o
 .comment       0x0000000000000053       0x54 Drivers/STM32F1xx_HAL_Driver/Src/stm32f1xx_hal_rcc.o
 .comment       0x0000000000000053       0x54 Drivers/STM32F1xx_HAL_Driver/Src/stm32f1xx_hal_rcc_ex.o
 .comment       0x0000000000000053       0x54 Drivers/STM32F1xx_HAL_Driver/Src/stm32f1xx_hal_uart.o
 .comment       0x0000000000000053       0x54 Drivers/STM32F1xx_HAL_Driver/Src/stm32f1xx_ll_usb.o
 .comment       0x0000000000000053       0x54 Middlewares/ST/STM32_USB_Device_Library/Class/HID/Src/usbd_hid.o
 .comment       0x0000000000000053       0x54 Middlewares/ST/STM32_USB_Device_Library/Core/Src/usbd_core.o
 .comment       0x0000000000000053       0x54 Middlewares/ST/STM32_USB_Device_Library/Core/Src/usbd_ctlreq.o
 .comment       0x0000000000000053       0x54 Middlewares/ST/STM32_USB_Device_Library/Core/Src/usbd_ioreq.o
 .comment       0x0000000000000053       0x54 USB_DEVICE/App/usb_device.o
 .comment       0x0000000000000053       0x54 USB_DEVICE/App/usbd_desc.o
 .comment       0x0000000000000053       0x54 USB_DEVICE/Target/usbd_conf.o

.debug_frame    0x0000000000000000     0x2f1c
 .debug_frame   0x0000000000000000      0x100 Core/Src/main.o
 .debug_frame   0x0000000000000100       0x80 Core/Src/stm32f1xx_hal_msp.o
 .debug_frame   0x0000000000000180      0x120 Core/Src/stm32f1xx_it.o
 .debug_frame   0x00000000000002a0       0x58 Core/Src/system_stm32f1xx.o
 .debug_frame   0x00000000000002f8      0x334 Drivers/STM32F1xx_HAL_Driver/Src/stm32f1xx_hal.o
 .debug_frame   0x000000000000062c      0x428 Drivers/STM32F1xx_HAL_Driver/Src/stm32f1xx_hal_cortex.o
 .debug_frame   0x0000000000000a54      0x14c Drivers/STM32F1xx_HAL_Driver/Src/stm32f1xx_hal_gpio.o
 .debug_frame   0x0000000000000ba0      0x578 Drivers/STM32F1xx_HAL_Driver/Src/stm32f1xx_hal_pcd.o
 .debug_frame   0x0000000000001118       0xb0 Drivers/STM32F1xx_HAL_Driver/Src/stm32f1xx_hal_pcd_ex.o
 .debug_frame   0x00000000000011c8      0x21c Drivers/STM32F1xx_HAL_Driver/Src/stm32f1xx_hal_rcc.o
 .debug_frame   0x00000000000013e4       0x84 Drivers/STM32F1xx_HAL_Driver/Src/stm32f1xx_hal_rcc_ex.o
 .debug_frame   0x0000000000001468      0x834 Drivers/STM32F1xx_HAL_Driver/Src/stm32f1xx_hal_uart.o
 .debug_frame   0x0000000000001c9c      0x450 Drivers/STM32F1xx_HAL_Driver/Src/stm32f1xx_ll_usb.o
 .debug_frame   0x00000000000020ec      0x190 Middlewares/ST/STM32_USB_Device_Library/Class/HID/Src/usbd_hid.o
 .debug_frame   0x000000000000227c      0x300 Middlewares/ST/STM32_USB_Device_Library/Core/Src/usbd_core.o
 .debug_frame   0x000000000000257c      0x218 Middlewares/ST/STM32_USB_Device_Library/Core/Src/usbd_ctlreq.o
 .debug_frame   0x0000000000002794      0x10c Middlewares/ST/STM32_USB_Device_Library/Core/Src/usbd_ioreq.o
 .debug_frame   0x00000000000028a0       0x2c USB_DEVICE/App/usb_device.o
 .debug_frame   0x00000000000028cc      0x160 USB_DEVICE/App/usbd_desc.o
 .debug_frame   0x0000000000002a2c      0x4a4 USB_DEVICE/Target/usbd_conf.o
 .debug_frame   0x0000000000002ed0       0x2c c:/st/stm32cubeide_1.6.0/stm32cubeide/plugins/com.st.stm32cube.ide.mcu.externaltools.gnu-tools-for-stm32.9-2020-q2-update.win32_1.5.0.202011040924/tools/bin/../lib/gcc/arm-none-eabi/9.3.1/../../../../arm-none-eabi/lib/thumb/v7-m/nofp\libc_nano.a(lib_a-init.o)
 .debug_frame   0x0000000000002efc       0x20 c:/st/stm32cubeide_1.6.0/stm32cubeide/plugins/com.st.stm32cube.ide.mcu.externaltools.gnu-tools-for-stm32.9-2020-q2-update.win32_1.5.0.202011040924/tools/bin/../lib/gcc/arm-none-eabi/9.3.1/../../../../arm-none-eabi/lib/thumb/v7-m/nofp\libc_nano.a(lib_a-memset.o)
