stm32f4xx_ll_rcc.h:2989:22:LL_RCC_HSI_Enable	4	static
stm32f4xx_ll_rcc.h:3009:26:LL_RCC_HSI_IsReady	4	static
stm32f4xx_ll_rcc.h:3035:22:LL_RCC_HSI_SetCalibTrimming	16	static
stm32f4xx_ll_rcc.h:3190:22:LL_RCC_SetSysClkSource	16	static
stm32f4xx_ll_rcc.h:3206:26:LL_RCC_GetSysClkSource	4	static
stm32f4xx_ll_rcc.h:3226:22:LL_RCC_SetAHBPrescaler	16	static
stm32f4xx_ll_rcc.h:3242:22:LL_RCC_SetAPB1Prescaler	16	static
stm32f4xx_ll_rcc.h:3258:22:LL_RCC_SetAPB2Prescaler	16	static
stm32f4xx_ll_rcc.h:4155:22:LL_RCC_SetTIMPrescaler	16	static
stm32f4xx_ll_bus.h:411:22:LL_AHB1_GRP1_EnableClock	24	static
stm32f4xx_ll_system.h:1542:22:LL_FLASH_SetLatency	16	static
stm32f4xx_ll_system.h:1568:26:LL_FLASH_GetLatency	4	static
stm32f4xx_ll_pwr.h:507:22:LL_PWR_SetRegulVoltageScaling	16	static
main.c:66:13:Integer_To_String	24	static
main.c:93:13:SPI_LCD_Write	32	static
main.c:130:5:main	32	static
main.c:222:6:SystemClock_Config	8	static
main.c:262:13:MX_SPI2_Init	8	static
main.c:300:13:MX_GPIO_Init	8	static
main.c:318:6:Error_Handler	4	static,ignoring_inline_asm
