Archive member included to satisfy reference by file (symbol)

c:/st/stm32cubeide_1.6.0/stm32cubeide/plugins/com.st.stm32cube.ide.mcu.externaltools.gnu-tools-for-stm32.9-2020-q2-update.win32_1.5.0.202011040924/tools/bin/../lib/gcc/arm-none-eabi/9.3.1/../../../../arm-none-eabi/lib/thumb/v7e-m+fp/hard\libc_nano.a(lib_a-errno.o)
                              Core/Src/syscalls.o (__errno)
c:/st/stm32cubeide_1.6.0/stm32cubeide/plugins/com.st.stm32cube.ide.mcu.externaltools.gnu-tools-for-stm32.9-2020-q2-update.win32_1.5.0.202011040924/tools/bin/../lib/gcc/arm-none-eabi/9.3.1/../../../../arm-none-eabi/lib/thumb/v7e-m+fp/hard\libc_nano.a(lib_a-exit.o)
                              c:/st/stm32cubeide_1.6.0/stm32cubeide/plugins/com.st.stm32cube.ide.mcu.externaltools.gnu-tools-for-stm32.9-2020-q2-update.win32_1.5.0.202011040924/tools/bin/../lib/gcc/arm-none-eabi/9.3.1/../../../../arm-none-eabi/lib/thumb/v7e-m+fp/hard/crt0.o (exit)
c:/st/stm32cubeide_1.6.0/stm32cubeide/plugins/com.st.stm32cube.ide.mcu.externaltools.gnu-tools-for-stm32.9-2020-q2-update.win32_1.5.0.202011040924/tools/bin/../lib/gcc/arm-none-eabi/9.3.1/../../../../arm-none-eabi/lib/thumb/v7e-m+fp/hard\libc_nano.a(lib_a-impure.o)
                              c:/st/stm32cubeide_1.6.0/stm32cubeide/plugins/com.st.stm32cube.ide.mcu.externaltools.gnu-tools-for-stm32.9-2020-q2-update.win32_1.5.0.202011040924/tools/bin/../lib/gcc/arm-none-eabi/9.3.1/../../../../arm-none-eabi/lib/thumb/v7e-m+fp/hard\libc_nano.a(lib_a-exit.o) (_global_impure_ptr)
c:/st/stm32cubeide_1.6.0/stm32cubeide/plugins/com.st.stm32cube.ide.mcu.externaltools.gnu-tools-for-stm32.9-2020-q2-update.win32_1.5.0.202011040924/tools/bin/../lib/gcc/arm-none-eabi/9.3.1/../../../../arm-none-eabi/lib/thumb/v7e-m+fp/hard\libc_nano.a(lib_a-init.o)
                              c:/st/stm32cubeide_1.6.0/stm32cubeide/plugins/com.st.stm32cube.ide.mcu.externaltools.gnu-tools-for-stm32.9-2020-q2-update.win32_1.5.0.202011040924/tools/bin/../lib/gcc/arm-none-eabi/9.3.1/../../../../arm-none-eabi/lib/thumb/v7e-m+fp/hard/crt0.o (__libc_init_array)
c:/st/stm32cubeide_1.6.0/stm32cubeide/plugins/com.st.stm32cube.ide.mcu.externaltools.gnu-tools-for-stm32.9-2020-q2-update.win32_1.5.0.202011040924/tools/bin/../lib/gcc/arm-none-eabi/9.3.1/../../../../arm-none-eabi/lib/thumb/v7e-m+fp/hard\libc_nano.a(lib_a-memset.o)
                              c:/st/stm32cubeide_1.6.0/stm32cubeide/plugins/com.st.stm32cube.ide.mcu.externaltools.gnu-tools-for-stm32.9-2020-q2-update.win32_1.5.0.202011040924/tools/bin/../lib/gcc/arm-none-eabi/9.3.1/../../../../arm-none-eabi/lib/thumb/v7e-m+fp/hard/crt0.o (memset)
c:/st/stm32cubeide_1.6.0/stm32cubeide/plugins/com.st.stm32cube.ide.mcu.externaltools.gnu-tools-for-stm32.9-2020-q2-update.win32_1.5.0.202011040924/tools/bin/../lib/gcc/arm-none-eabi/9.3.1/../../../../arm-none-eabi/lib/thumb/v7e-m+fp/hard\libc_nano.a(lib_a-strlen.o)
                              Core/Src/main.o (strlen)
c:/st/stm32cubeide_1.6.0/stm32cubeide/plugins/com.st.stm32cube.ide.mcu.externaltools.gnu-tools-for-stm32.9-2020-q2-update.win32_1.5.0.202011040924/tools/bin/../lib/gcc/arm-none-eabi/9.3.1/thumb/v7e-m+fp/hard\libgcc.a(_aeabi_uldivmod.o)
                              Drivers/STM32F4xx_HAL_Driver/Src/stm32f4xx_hal_rcc.o (__aeabi_uldivmod)
c:/st/stm32cubeide_1.6.0/stm32cubeide/plugins/com.st.stm32cube.ide.mcu.externaltools.gnu-tools-for-stm32.9-2020-q2-update.win32_1.5.0.202011040924/tools/bin/../lib/gcc/arm-none-eabi/9.3.1/thumb/v7e-m+fp/hard\libgcc.a(_udivmoddi4.o)
                              c:/st/stm32cubeide_1.6.0/stm32cubeide/plugins/com.st.stm32cube.ide.mcu.externaltools.gnu-tools-for-stm32.9-2020-q2-update.win32_1.5.0.202011040924/tools/bin/../lib/gcc/arm-none-eabi/9.3.1/thumb/v7e-m+fp/hard\libgcc.a(_aeabi_uldivmod.o) (__udivmoddi4)
c:/st/stm32cubeide_1.6.0/stm32cubeide/plugins/com.st.stm32cube.ide.mcu.externaltools.gnu-tools-for-stm32.9-2020-q2-update.win32_1.5.0.202011040924/tools/bin/../lib/gcc/arm-none-eabi/9.3.1/thumb/v7e-m+fp/hard\libgcc.a(_dvmd_tls.o)
                              c:/st/stm32cubeide_1.6.0/stm32cubeide/plugins/com.st.stm32cube.ide.mcu.externaltools.gnu-tools-for-stm32.9-2020-q2-update.win32_1.5.0.202011040924/tools/bin/../lib/gcc/arm-none-eabi/9.3.1/thumb/v7e-m+fp/hard\libgcc.a(_aeabi_uldivmod.o) (__aeabi_ldiv0)

Allocating common symbols
Common symbol       size              file

hspi2               0x58              Core/Src/main.o
uwTick              0x4               Drivers/STM32F4xx_HAL_Driver/Src/stm32f4xx_hal.o
pFlash              0x20              Drivers/STM32F4xx_HAL_Driver/Src/stm32f4xx_hal_flash.o

Discarded input sections

 .text          0x0000000000000000        0x0 c:/st/stm32cubeide_1.6.0/stm32cubeide/plugins/com.st.stm32cube.ide.mcu.externaltools.gnu-tools-for-stm32.9-2020-q2-update.win32_1.5.0.202011040924/tools/bin/../lib/gcc/arm-none-eabi/9.3.1/thumb/v7e-m+fp/hard/crti.o
[...]
Memory Configuration

Name             Origin             Length             Attributes
RAM              0x0000000020000000 0x0000000000018000 xrw
FLASH            0x0000000008000000 0x0000000000080000 xr
*default*        0x0000000000000000 0xffffffffffffffff

Linker script and memory map

LOAD c:/st/stm32cubeide_1.6.0/stm32cubeide/plugins/com.st.stm32cube.ide.mcu.externaltools.gnu-tools-for-stm32.9-2020-q2-update.win32_1.5.0.202011040924/tools/bin/../lib/gcc/arm-none-eabi/9.3.1/thumb/v7e-m+fp/hard/crti.o
LOAD c:/st/stm32cubeide_1.6.0/stm32cubeide/plugins/com.st.stm32cube.ide.mcu.externaltools.gnu-tools-for-stm32.9-2020-q2-update.win32_1.5.0.202011040924/tools/bin/../lib/gcc/arm-none-eabi/9.3.1/thumb/v7e-m+fp/hard/crtbegin.o
LOAD c:/st/stm32cubeide_1.6.0/stm32cubeide/plugins/com.st.stm32cube.ide.mcu.externaltools.gnu-tools-for-stm32.9-2020-q2-update.win32_1.5.0.202011040924/tools/bin/../lib/gcc/arm-none-eabi/9.3.1/../../../../arm-none-eabi/lib/thumb/v7e-m+fp/hard/crt0.o
LOAD Core/Src/main.o
LOAD Core/Src/stm32f4xx_hal_msp.o
LOAD Core/Src/stm32f4xx_it.o
LOAD Core/Src/syscalls.o
LOAD Core/Src/sysmem.o
LOAD Core/Src/system_stm32f4xx.o
LOAD Core/Startup/startup_stm32f401retx.o
LOAD Drivers/STM32F4xx_HAL_Driver/Src/stm32f4xx_hal.o
LOAD Drivers/STM32F4xx_HAL_Driver/Src/stm32f4xx_hal_cortex.o
LOAD Drivers/STM32F4xx_HAL_Driver/Src/stm32f4xx_hal_dma.o
LOAD Drivers/STM32F4xx_HAL_Driver/Src/stm32f4xx_hal_dma_ex.o
LOAD Drivers/STM32F4xx_HAL_Driver/Src/stm32f4xx_hal_exti.o
LOAD Drivers/STM32F4xx_HAL_Driver/Src/stm32f4xx_hal_flash.o
LOAD Drivers/STM32F4xx_HAL_Driver/Src/stm32f4xx_hal_flash_ex.o
LOAD Drivers/STM32F4xx_HAL_Driver/Src/stm32f4xx_hal_flash_ramfunc.o
LOAD Drivers/STM32F4xx_HAL_Driver/Src/stm32f4xx_hal_gpio.o
LOAD Drivers/STM32F4xx_HAL_Driver/Src/stm32f4xx_hal_pwr.o
LOAD Drivers/STM32F4xx_HAL_Driver/Src/stm32f4xx_hal_pwr_ex.o
LOAD Drivers/STM32F4xx_HAL_Driver/Src/stm32f4xx_hal_rcc.o
LOAD Drivers/STM32F4xx_HAL_Driver/Src/stm32f4xx_hal_rcc_ex.o
LOAD Drivers/STM32F4xx_HAL_Driver/Src/stm32f4xx_hal_spi.o
LOAD Drivers/STM32F4xx_HAL_Driver/Src/stm32f4xx_hal_tim.o
LOAD Drivers/STM32F4xx_HAL_Driver/Src/stm32f4xx_hal_tim_ex.o
LOAD Drivers/STM32F4xx_HAL_Driver/Src/stm32f4xx_ll_exti.o
LOAD Drivers/STM32F4xx_HAL_Driver/Src/stm32f4xx_ll_gpio.o
LOAD Drivers/STM32F4xx_HAL_Driver/Src/stm32f4xx_ll_rcc.o
LOAD Drivers/STM32F4xx_HAL_Driver/Src/stm32f4xx_ll_utils.o
START GROUP
LOAD c:/st/stm32cubeide_1.6.0/stm32cubeide/plugins/com.st.stm32cube.ide.mcu.externaltools.gnu-tools-for-stm32.9-2020-q2-update.win32_1.5.0.202011040924/tools/bin/../lib/gcc/arm-none-eabi/9.3.1/../../../../arm-none-eabi/lib/thumb/v7e-m+fp/hard\libc_nano.a
LOAD c:/st/stm32cubeide_1.6.0/stm32cubeide/plugins/com.st.stm32cube.ide.mcu.externaltools.gnu-tools-for-stm32.9-2020-q2-update.win32_1.5.0.202011040924/tools/bin/../lib/gcc/arm-none-eabi/9.3.1/../../../../arm-none-eabi/lib/thumb/v7e-m+fp/hard\libm.a
END GROUP
START GROUP
LOAD c:/st/stm32cubeide_1.6.0/stm32cubeide/plugins/com.st.stm32cube.ide.mcu.externaltools.gnu-tools-for-stm32.9-2020-q2-update.win32_1.5.0.202011040924/tools/bin/../lib/gcc/arm-none-eabi/9.3.1/thumb/v7e-m+fp/hard\libgcc.a
LOAD c:/st/stm32cubeide_1.6.0/stm32cubeide/plugins/com.st.stm32cube.ide.mcu.externaltools.gnu-tools-for-stm32.9-2020-q2-update.win32_1.5.0.202011040924/tools/bin/../lib/gcc/arm-none-eabi/9.3.1/../../../../arm-none-eabi/lib/thumb/v7e-m+fp/hard\libc_nano.a
END GROUP
START GROUP
LOAD c:/st/stm32cubeide_1.6.0/stm32cubeide/plugins/com.st.stm32cube.ide.mcu.externaltools.gnu-tools-for-stm32.9-2020-q2-update.win32_1.5.0.202011040924/tools/bin/../lib/gcc/arm-none-eabi/9.3.1/thumb/v7e-m+fp/hard\libgcc.a
LOAD c:/st/stm32cubeide_1.6.0/stm32cubeide/plugins/com.st.stm32cube.ide.mcu.externaltools.gnu-tools-for-stm32.9-2020-q2-update.win32_1.5.0.202011040924/tools/bin/../lib/gcc/arm-none-eabi/9.3.1/../../../../arm-none-eabi/lib/thumb/v7e-m+fp/hard\libc_nano.a
LOAD c:/st/stm32cubeide_1.6.0/stm32cubeide/plugins/com.st.stm32cube.ide.mcu.externaltools.gnu-tools-for-stm32.9-2020-q2-update.win32_1.5.0.202011040924/tools/bin/../lib/gcc/arm-none-eabi/9.3.1/../../../../arm-none-eabi/lib/thumb/v7e-m+fp/hard\libnosys.a
END GROUP
START GROUP
LOAD c:/st/stm32cubeide_1.6.0/stm32cubeide/plugins/com.st.stm32cube.ide.mcu.externaltools.gnu-tools-for-stm32.9-2020-q2-update.win32_1.5.0.202011040924/tools/bin/../lib/gcc/arm-none-eabi/9.3.1/thumb/v7e-m+fp/hard\libgcc.a
LOAD c:/st/stm32cubeide_1.6.0/stm32cubeide/plugins/com.st.stm32cube.ide.mcu.externaltools.gnu-tools-for-stm32.9-2020-q2-update.win32_1.5.0.202011040924/tools/bin/../lib/gcc/arm-none-eabi/9.3.1/../../../../arm-none-eabi/lib/thumb/v7e-m+fp/hard\libc_nano.a
LOAD c:/st/stm32cubeide_1.6.0/stm32cubeide/plugins/com.st.stm32cube.ide.mcu.externaltools.gnu-tools-for-stm32.9-2020-q2-update.win32_1.5.0.202011040924/tools/bin/../lib/gcc/arm-none-eabi/9.3.1/../../../../arm-none-eabi/lib/thumb/v7e-m+fp/hard\libnosys.a
END GROUP
LOAD c:/st/stm32cubeide_1.6.0/stm32cubeide/plugins/com.st.stm32cube.ide.mcu.externaltools.gnu-tools-for-stm32.9-2020-q2-update.win32_1.5.0.202011040924/tools/bin/../lib/gcc/arm-none-eabi/9.3.1/thumb/v7e-m+fp/hard/crtend.o
LOAD c:/st/stm32cubeide_1.6.0/stm32cubeide/plugins/com.st.stm32cube.ide.mcu.externaltools.gnu-tools-for-stm32.9-2020-q2-update.win32_1.5.0.202011040924/tools/bin/../lib/gcc/arm-none-eabi/9.3.1/thumb/v7e-m+fp/hard/crtn.o
                0x0000000020018000                _estack = (ORIGIN (RAM) + LENGTH (RAM))
                0x0000000000000200                _Min_Heap_Size = 0x200
                0x0000000000000400                _Min_Stack_Size = 0x400

.isr_vector     0x0000000008000000      0x194
                0x0000000008000000                . = ALIGN (0x4)
 *(.isr_vector)
 .isr_vector    0x0000000008000000      0x194 Core/Startup/startup_stm32f401retx.o
                0x0000000008000000                g_pfnVectors
                0x0000000008000194                . = ALIGN (0x4)

.text           0x0000000008000194     0x1388
                0x0000000008000194                . = ALIGN (0x4)
 *(.text)
 .text          0x0000000008000194       0x40 c:/st/stm32cubeide_1.6.0/stm32cubeide/plugins/com.st.stm32cube.ide.mcu.externaltools.gnu-tools-for-stm32.9-2020-q2-update.win32_1.5.0.202011040924/tools/bin/../lib/gcc/arm-none-eabi/9.3.1/thumb/v7e-m+fp/hard/crtbegin.o
 .text          0x00000000080001d4       0x10 c:/st/stm32cubeide_1.6.0/stm32cubeide/plugins/com.st.stm32cube.ide.mcu.externaltools.gnu-tools-for-stm32.9-2020-q2-update.win32_1.5.0.202011040924/tools/bin/../lib/gcc/arm-none-eabi/9.3.1/../../../../arm-none-eabi/lib/thumb/v7e-m+fp/hard\libc_nano.a(lib_a-strlen.o)
                0x00000000080001d4                strlen
 *(.text*)
 .text.LL_RCC_HSI_Enable
                0x00000000080001e4       0x20 Core/Src/main.o
 .text.LL_RCC_HSI_IsReady
                0x0000000008000204       0x24 Core/Src/main.o
 .text.LL_RCC_HSI_SetCalibTrimming
                0x0000000008000228       0x2c Core/Src/main.o
 .text.LL_RCC_SetSysClkSource
                0x0000000008000254       0x28 Core/Src/main.o
 .text.LL_RCC_GetSysClkSource
                0x000000000800027c       0x1c Core/Src/main.o
 .text.LL_RCC_SetAHBPrescaler
                0x0000000008000298       0x28 Core/Src/main.o
 .text.LL_RCC_SetAPB1Prescaler
                0x00000000080002c0       0x28 Core/Src/main.o
 .text.LL_RCC_SetAPB2Prescaler
                0x00000000080002e8       0x28 Core/Src/main.o
 .text.LL_RCC_SetTIMPrescaler
                0x0000000008000310       0x2c Core/Src/main.o
 .text.LL_AHB1_GRP1_EnableClock
                0x000000000800033c       0x30 Core/Src/main.o
 .text.LL_FLASH_SetLatency
                0x000000000800036c       0x28 Core/Src/main.o
 .text.LL_FLASH_GetLatency
                0x0000000008000394       0x1c Core/Src/main.o
 .text.LL_PWR_SetRegulVoltageScaling
                0x00000000080003b0       0x28 Core/Src/main.o
 .text.Integer_To_String
                0x00000000080003d8       0x88 Core/Src/main.o
 .text.SPI_LCD_Write
                0x0000000008000460       0xd8 Core/Src/main.o
 .text.main     0x0000000008000538      0x144 Core/Src/main.o
                0x0000000008000538                main
 .text.SystemClock_Config
                0x000000000800067c       0x80 Core/Src/main.o
                0x000000000800067c                SystemClock_Config
 .text.MX_SPI2_Init
                0x00000000080006fc       0x70 Core/Src/main.o
 .text.MX_GPIO_Init
                0x000000000800076c       0x1a Core/Src/main.o
 .text.Error_Handler
                0x0000000008000786        0xa Core/Src/main.o
                0x0000000008000786                Error_Handler
 .text.HAL_MspInit
                0x0000000008000790       0x50 Core/Src/stm32f4xx_hal_msp.o
                0x0000000008000790                HAL_MspInit
 .text.HAL_SPI_MspInit
                0x00000000080007e0       0xd0 Core/Src/stm32f4xx_hal_msp.o
                0x00000000080007e0                HAL_SPI_MspInit
 .text.NMI_Handler
                0x00000000080008b0        0x6 Core/Src/stm32f4xx_it.o
                0x00000000080008b0                NMI_Handler
 .text.HardFault_Handler
                0x00000000080008b6        0x6 Core/Src/stm32f4xx_it.o
                0x00000000080008b6                HardFault_Handler
 .text.MemManage_Handler
                0x00000000080008bc        0x6 Core/Src/stm32f4xx_it.o
                0x00000000080008bc                MemManage_Handler
 .text.BusFault_Handler
                0x00000000080008c2        0x6 Core/Src/stm32f4xx_it.o
                0x00000000080008c2                BusFault_Handler
 .text.UsageFault_Handler
                0x00000000080008c8        0x6 Core/Src/stm32f4xx_it.o
                0x00000000080008c8                UsageFault_Handler
 .text.SVC_Handler
                0x00000000080008ce        0xe Core/Src/stm32f4xx_it.o
                0x00000000080008ce                SVC_Handler
 .text.DebugMon_Handler
                0x00000000080008dc        0xe Core/Src/stm32f4xx_it.o
                0x00000000080008dc                DebugMon_Handler
 .text.PendSV_Handler
                0x00000000080008ea        0xe Core/Src/stm32f4xx_it.o
                0x00000000080008ea                PendSV_Handler
 .text.SysTick_Handler
                0x00000000080008f8        0xc Core/Src/stm32f4xx_it.o
                0x00000000080008f8                SysTick_Handler
 .text.SystemInit
                0x0000000008000904       0x24 Core/Src/system_stm32f4xx.o
                0x0000000008000904                SystemInit
 .text.Reset_Handler
                0x0000000008000928       0x50 Core/Startup/startup_stm32f401retx.o
                0x0000000008000928                Reset_Handler
 .text.Default_Handler
                0x0000000008000978        0x2 Core/Startup/startup_stm32f401retx.o
                0x0000000008000978                RTC_Alarm_IRQHandler
                0x0000000008000978                EXTI2_IRQHandler
                0x0000000008000978                SPI4_IRQHandler
                0x0000000008000978                TIM1_CC_IRQHandler
                0x0000000008000978                DMA2_Stream5_IRQHandler
                0x0000000008000978                DMA1_Stream5_IRQHandler
                0x0000000008000978                PVD_IRQHandler
                0x0000000008000978                SDIO_IRQHandler
                0x0000000008000978                TAMP_STAMP_IRQHandler
                0x0000000008000978                EXTI3_IRQHandler
                0x0000000008000978                TIM1_UP_TIM10_IRQHandler
                0x0000000008000978                I2C3_ER_IRQHandler
                0x0000000008000978                EXTI0_IRQHandler
                0x0000000008000978                I2C2_EV_IRQHandler
                0x0000000008000978                DMA1_Stream2_IRQHandler
                0x0000000008000978                FPU_IRQHandler
                0x0000000008000978                DMA2_Stream2_IRQHandler
                0x0000000008000978                SPI1_IRQHandler
                0x0000000008000978                TIM1_BRK_TIM9_IRQHandler
                0x0000000008000978                DMA2_Stream3_IRQHandler
                0x0000000008000978                USART6_IRQHandler
                0x0000000008000978                DMA2_Stream0_IRQHandler
                0x0000000008000978                TIM4_IRQHandler
                0x0000000008000978                I2C1_EV_IRQHandler
                0x0000000008000978                DMA1_Stream6_IRQHandler
                0x0000000008000978                DMA1_Stream1_IRQHandler
                0x0000000008000978                TIM3_IRQHandler
                0x0000000008000978                RCC_IRQHandler
                0x0000000008000978                Default_Handler
                0x0000000008000978                EXTI15_10_IRQHandler
                0x0000000008000978                ADC_IRQHandler
                0x0000000008000978                DMA1_Stream7_IRQHandler
                0x0000000008000978                TIM5_IRQHandler
                0x0000000008000978                DMA2_Stream7_IRQHandler
                0x0000000008000978                I2C3_EV_IRQHandler
                0x0000000008000978                EXTI9_5_IRQHandler
                0x0000000008000978                RTC_WKUP_IRQHandler
                0x0000000008000978                SPI2_IRQHandler
                0x0000000008000978                DMA1_Stream0_IRQHandler
                0x0000000008000978                EXTI4_IRQHandler
                0x0000000008000978                WWDG_IRQHandler
                0x0000000008000978                TIM2_IRQHandler
                0x0000000008000978                OTG_FS_WKUP_IRQHandler
                0x0000000008000978                TIM1_TRG_COM_TIM11_IRQHandler
                0x0000000008000978                EXTI1_IRQHandler
                0x0000000008000978                USART2_IRQHandler
                0x0000000008000978                I2C2_ER_IRQHandler
                0x0000000008000978                DMA2_Stream1_IRQHandler
                0x0000000008000978                FLASH_IRQHandler
                0x0000000008000978                DMA2_Stream4_IRQHandler
                0x0000000008000978                USART1_IRQHandler
                0x0000000008000978                OTG_FS_IRQHandler
                0x0000000008000978                SPI3_IRQHandler
                0x0000000008000978                DMA1_Stream4_IRQHandler
                0x0000000008000978                I2C1_ER_IRQHandler
                0x0000000008000978                DMA2_Stream6_IRQHandler
                0x0000000008000978                DMA1_Stream3_IRQHandler
 *fill*         0x000000000800097a        0x2 
 .text.HAL_Init
                0x000000000800097c       0x44 Drivers/STM32F4xx_HAL_Driver/Src/stm32f4xx_hal.o
                0x000000000800097c                HAL_Init
 .text.HAL_InitTick
                0x00000000080009c0       0x60 Drivers/STM32F4xx_HAL_Driver/Src/stm32f4xx_hal.o
                0x00000000080009c0                HAL_InitTick
 .text.HAL_IncTick
                0x0000000008000a20       0x28 Drivers/STM32F4xx_HAL_Driver/Src/stm32f4xx_hal.o
                0x0000000008000a20                HAL_IncTick
 .text.HAL_GetTick
                0x0000000008000a48       0x18 Drivers/STM32F4xx_HAL_Driver/Src/stm32f4xx_hal.o
                0x0000000008000a48                HAL_GetTick
 .text.HAL_Delay
                0x0000000008000a60       0x48 Drivers/STM32F4xx_HAL_Driver/Src/stm32f4xx_hal.o
                0x0000000008000a60                HAL_Delay
 .text.__NVIC_SetPriorityGrouping
                0x0000000008000aa8       0x48 Drivers/STM32F4xx_HAL_Driver/Src/stm32f4xx_hal_cortex.o
 .text.__NVIC_GetPriorityGrouping
                0x0000000008000af0       0x1c Drivers/STM32F4xx_HAL_Driver/Src/stm32f4xx_hal_cortex.o
 .text.__NVIC_SetPriority
                0x0000000008000b0c       0x54 Drivers/STM32F4xx_HAL_Driver/Src/stm32f4xx_hal_cortex.o
 .text.NVIC_EncodePriority
                0x0000000008000b60       0x66 Drivers/STM32F4xx_HAL_Driver/Src/stm32f4xx_hal_cortex.o
 *fill*         0x0000000008000bc6        0x2 
 .text.SysTick_Config
                0x0000000008000bc8       0x44 Drivers/STM32F4xx_HAL_Driver/Src/stm32f4xx_hal_cortex.o
 .text.HAL_NVIC_SetPriorityGrouping
                0x0000000008000c0c       0x16 Drivers/STM32F4xx_HAL_Driver/Src/stm32f4xx_hal_cortex.o
                0x0000000008000c0c                HAL_NVIC_SetPriorityGrouping
 .text.HAL_NVIC_SetPriority
                0x0000000008000c22       0x38 Drivers/STM32F4xx_HAL_Driver/Src/stm32f4xx_hal_cortex.o
                0x0000000008000c22                HAL_NVIC_SetPriority
 .text.HAL_SYSTICK_Config
                0x0000000008000c5a       0x18 Drivers/STM32F4xx_HAL_Driver/Src/stm32f4xx_hal_cortex.o
                0x0000000008000c5a                HAL_SYSTICK_Config
 *fill*         0x0000000008000c72        0x2 
 .text.HAL_GPIO_Init
                0x0000000008000c74      0x308 Drivers/STM32F4xx_HAL_Driver/Src/stm32f4xx_hal_gpio.o
                0x0000000008000c74                HAL_GPIO_Init
 .text.HAL_SPI_Init
                0x0000000008000f7c      0x112 Drivers/STM32F4xx_HAL_Driver/Src/stm32f4xx_hal_spi.o
                0x0000000008000f7c                HAL_SPI_Init
 .text.HAL_SPI_Transmit
                0x000000000800108e      0x278 Drivers/STM32F4xx_HAL_Driver/Src/stm32f4xx_hal_spi.o
                0x000000000800108e                HAL_SPI_Transmit
 *fill*         0x0000000008001306        0x2 
 .text.SPI_WaitFlagStateUntilTimeout
                0x0000000008001308      0x110 Drivers/STM32F4xx_HAL_Driver/Src/stm32f4xx_hal_spi.o
 .text.SPI_EndRxTxTransaction
                0x0000000008001418       0x84 Drivers/STM32F4xx_HAL_Driver/Src/stm32f4xx_hal_spi.o
 .text.LL_SetSystemCoreClock
                0x000000000800149c       0x20 Drivers/STM32F4xx_HAL_Driver/Src/stm32f4xx_ll_utils.o
                0x000000000800149c                LL_SetSystemCoreClock
 .text.__libc_init_array
                0x00000000080014bc       0x48 c:/st/stm32cubeide_1.6.0/stm32cubeide/plugins/com.st.stm32cube.ide.mcu.externaltools.gnu-tools-for-stm32.9-2020-q2-update.win32_1.5.0.202011040924/tools/bin/../lib/gcc/arm-none-eabi/9.3.1/../../../../arm-none-eabi/lib/thumb/v7e-m+fp/hard\libc_nano.a(lib_a-init.o)
                0x00000000080014bc                __libc_init_array
 *(.glue_7)
 .glue_7        0x0000000008001504        0x0 linker stubs
 *(.glue_7t)
 .glue_7t       0x0000000008001504        0x0 linker stubs
 *(.eh_frame)
 .eh_frame      0x0000000008001504        0x0 c:/st/stm32cubeide_1.6.0/stm32cubeide/plugins/com.st.stm32cube.ide.mcu.externaltools.gnu-tools-for-stm32.9-2020-q2-update.win32_1.5.0.202011040924/tools/bin/../lib/gcc/arm-none-eabi/9.3.1/thumb/v7e-m+fp/hard/crtbegin.o
 *(.init)
 .init          0x0000000008001504        0x4 c:/st/stm32cubeide_1.6.0/stm32cubeide/plugins/com.st.stm32cube.ide.mcu.externaltools.gnu-tools-for-stm32.9-2020-q2-update.win32_1.5.0.202011040924/tools/bin/../lib/gcc/arm-none-eabi/9.3.1/thumb/v7e-m+fp/hard/crti.o
                0x0000000008001504                _init
 .init          0x0000000008001508        0x8 c:/st/stm32cubeide_1.6.0/stm32cubeide/plugins/com.st.stm32cube.ide.mcu.externaltools.gnu-tools-for-stm32.9-2020-q2-update.win32_1.5.0.202011040924/tools/bin/../lib/gcc/arm-none-eabi/9.3.1/thumb/v7e-m+fp/hard/crtn.o
 *(.fini)
 .fini          0x0000000008001510        0x4 c:/st/stm32cubeide_1.6.0/stm32cubeide/plugins/com.st.stm32cube.ide.mcu.externaltools.gnu-tools-for-stm32.9-2020-q2-update.win32_1.5.0.202011040924/tools/bin/../lib/gcc/arm-none-eabi/9.3.1/thumb/v7e-m+fp/hard/crti.o
                0x0000000008001510                _fini
 .fini          0x0000000008001514        0x8 c:/st/stm32cubeide_1.6.0/stm32cubeide/plugins/com.st.stm32cube.ide.mcu.externaltools.gnu-tools-for-stm32.9-2020-q2-update.win32_1.5.0.202011040924/tools/bin/../lib/gcc/arm-none-eabi/9.3.1/thumb/v7e-m+fp/hard/crtn.o
                0x000000000800151c                . = ALIGN (0x4)
                0x000000000800151c                _etext = .

.vfp11_veneer   0x000000000800151c        0x0
 .vfp11_veneer  0x000000000800151c        0x0 linker stubs

.v4_bx          0x000000000800151c        0x0
 .v4_bx         0x000000000800151c        0x0 linker stubs

.iplt           0x000000000800151c        0x0
 .iplt          0x000000000800151c        0x0 c:/st/stm32cubeide_1.6.0/stm32cubeide/plugins/com.st.stm32cube.ide.mcu.externaltools.gnu-tools-for-stm32.9-2020-q2-update.win32_1.5.0.202011040924/tools/bin/../lib/gcc/arm-none-eabi/9.3.1/thumb/v7e-m+fp/hard/crtbegin.o

.rodata         0x000000000800151c       0x10
                0x000000000800151c                . = ALIGN (0x4)
 *(.rodata)
 .rodata        0x000000000800151c        0xf Core/Src/main.o
 *(.rodata*)
                0x000000000800152c                . = ALIGN (0x4)
 *fill*         0x000000000800152b        0x1 

.rel.dyn        0x000000000800152c        0x0
 .rel.iplt      0x000000000800152c        0x0 c:/st/stm32cubeide_1.6.0/stm32cubeide/plugins/com.st.stm32cube.ide.mcu.externaltools.gnu-tools-for-stm32.9-2020-q2-update.win32_1.5.0.202011040924/tools/bin/../lib/gcc/arm-none-eabi/9.3.1/thumb/v7e-m+fp/hard/crtbegin.o

.ARM.extab      0x000000000800152c        0x0
                0x000000000800152c                . = ALIGN (0x4)
 *(.ARM.extab* .gnu.linkonce.armextab.*)
                0x000000000800152c                . = ALIGN (0x4)

.ARM            0x000000000800152c        0x0
                0x000000000800152c                . = ALIGN (0x4)
                0x000000000800152c                __exidx_start = .
 *(.ARM.exidx*)
                0x000000000800152c                __exidx_end = .
                0x000000000800152c                . = ALIGN (0x4)

.preinit_array  0x000000000800152c        0x0
                0x000000000800152c                . = ALIGN (0x4)
                0x000000000800152c                PROVIDE (__preinit_array_start = .)
 *(.preinit_array*)
                0x000000000800152c                PROVIDE (__preinit_array_end = .)
                0x000000000800152c                . = ALIGN (0x4)

.init_array     0x000000000800152c        0x4
                0x000000000800152c                . = ALIGN (0x4)
                0x000000000800152c                PROVIDE (__init_array_start = .)
 *(SORT_BY_NAME(.init_array.*))
 *(.init_array*)
 .init_array    0x000000000800152c        0x4 c:/st/stm32cubeide_1.6.0/stm32cubeide/plugins/com.st.stm32cube.ide.mcu.externaltools.gnu-tools-for-stm32.9-2020-q2-update.win32_1.5.0.202011040924/tools/bin/../lib/gcc/arm-none-eabi/9.3.1/thumb/v7e-m+fp/hard/crtbegin.o
                0x0000000008001530                PROVIDE (__init_array_end = .)
                0x0000000008001530                . = ALIGN (0x4)

.fini_array     0x0000000008001530        0x4
                0x0000000008001530                . = ALIGN (0x4)
                [!provide]                        PROVIDE (__fini_array_start = .)
 *(SORT_BY_NAME(.fini_array.*))
 *(.fini_array*)
 .fini_array    0x0000000008001530        0x4 c:/st/stm32cubeide_1.6.0/stm32cubeide/plugins/com.st.stm32cube.ide.mcu.externaltools.gnu-tools-for-stm32.9-2020-q2-update.win32_1.5.0.202011040924/tools/bin/../lib/gcc/arm-none-eabi/9.3.1/thumb/v7e-m+fp/hard/crtbegin.o
                [!provide]                        PROVIDE (__fini_array_end = .)
                0x0000000008001534                . = ALIGN (0x4)
                0x0000000008001534                _sidata = LOADADDR (.data)

.data           0x0000000020000000        0xc load address 0x0000000008001534
                0x0000000020000000                . = ALIGN (0x4)
                0x0000000020000000                _sdata = .
 *(.data)
 *(.data*)
 .data.SystemCoreClock
                0x0000000020000000        0x4 Core/Src/system_stm32f4xx.o
                0x0000000020000000                SystemCoreClock
 .data.uwTickPrio
                0x0000000020000004        0x4 Drivers/STM32F4xx_HAL_Driver/Src/stm32f4xx_hal.o
                0x0000000020000004                uwTickPrio
 .data.uwTickFreq
                0x0000000020000008        0x1 Drivers/STM32F4xx_HAL_Driver/Src/stm32f4xx_hal.o
                0x0000000020000008                uwTickFreq
 *(.RamFunc)
 *(.RamFunc*)
                0x000000002000000c                . = ALIGN (0x4)
 *fill*         0x0000000020000009        0x3 
                0x000000002000000c                _edata = .

.igot.plt       0x000000002000000c        0x0 load address 0x0000000008001540
 .igot.plt      0x000000002000000c        0x0 c:/st/stm32cubeide_1.6.0/stm32cubeide/plugins/com.st.stm32cube.ide.mcu.externaltools.gnu-tools-for-stm32.9-2020-q2-update.win32_1.5.0.202011040924/tools/bin/../lib/gcc/arm-none-eabi/9.3.1/thumb/v7e-m+fp/hard/crtbegin.o
                0x000000002000000c                . = ALIGN (0x4)

.bss            0x000000002000000c       0x78 load address 0x0000000008001540
                0x000000002000000c                _sbss = .
                0x000000002000000c                __bss_start__ = _sbss
 *(.bss)
 .bss           0x000000002000000c       0x1c c:/st/stm32cubeide_1.6.0/stm32cubeide/plugins/com.st.stm32cube.ide.mcu.externaltools.gnu-tools-for-stm32.9-2020-q2-update.win32_1.5.0.202011040924/tools/bin/../lib/gcc/arm-none-eabi/9.3.1/thumb/v7e-m+fp/hard/crtbegin.o
 *(.bss*)
 *(COMMON)
 COMMON         0x0000000020000028       0x58 Core/Src/main.o
                0x0000000020000028                hspi2
 COMMON         0x0000000020000080        0x4 Drivers/STM32F4xx_HAL_Driver/Src/stm32f4xx_hal.o
                0x0000000020000080                uwTick
                0x0000000020000084                . = ALIGN (0x4)
                0x0000000020000084                _ebss = .
                0x0000000020000084                __bss_end__ = _ebss

._user_heap_stack
                0x0000000020000084      0x604 load address 0x0000000008001540
                0x0000000020000088                . = ALIGN (0x8)
 *fill*         0x0000000020000084        0x4 
                [!provide]                        PROVIDE (end = .)
                0x0000000020000088                PROVIDE (_end = .)
                0x0000000020000288                . = (. + _Min_Heap_Size)
 *fill*         0x0000000020000088      0x200 
                0x0000000020000688                . = (. + _Min_Stack_Size)
 *fill*         0x0000000020000288      0x400 
                0x0000000020000688                . = ALIGN (0x8)

/DISCARD/
 libc.a(*)
 libm.a(*)
 libgcc.a(*)

.ARM.attributes
                0x0000000000000000       0x30
 *(.ARM.attributes)
 .ARM.attributes
                0x0000000000000000       0x1e c:/st/stm32cubeide_1.6.0/stm32cubeide/plugins/com.st.stm32cube.ide.mcu.externaltools.gnu-tools-for-stm32.9-2020-q2-update.win32_1.5.0.202011040924/tools/bin/../lib/gcc/arm-none-eabi/9.3.1/thumb/v7e-m+fp/hard/crti.o
 .ARM.attributes
                0x000000000000001e       0x34 c:/st/stm32cubeide_1.6.0/stm32cubeide/plugins/com.st.stm32cube.ide.mcu.externaltools.gnu-tools-for-stm32.9-2020-q2-update.win32_1.5.0.202011040924/tools/bin/../lib/gcc/arm-none-eabi/9.3.1/thumb/v7e-m+fp/hard/crtbegin.o
 .ARM.attributes
                0x0000000000000052       0x34 Core/Src/main.o
 .ARM.attributes
                0x0000000000000086       0x34 Core/Src/stm32f4xx_hal_msp.o
 .ARM.attributes
                0x00000000000000ba       0x34 Core/Src/stm32f4xx_it.o
 .ARM.attributes
                0x00000000000000ee       0x34 Core/Src/system_stm32f4xx.o
 .ARM.attributes
                0x0000000000000122       0x21 Core/Startup/startup_stm32f401retx.o
 .ARM.attributes
                0x0000000000000143       0x34 Drivers/STM32F4xx_HAL_Driver/Src/stm32f4xx_hal.o
 .ARM.attributes
                0x0000000000000177       0x34 Drivers/STM32F4xx_HAL_Driver/Src/stm32f4xx_hal_cortex.o
 .ARM.attributes
                0x00000000000001ab       0x34 Drivers/STM32F4xx_HAL_Driver/Src/stm32f4xx_hal_gpio.o
 .ARM.attributes
                0x00000000000001df       0x34 Drivers/STM32F4xx_HAL_Driver/Src/stm32f4xx_hal_spi.o
 .ARM.attributes
                0x0000000000000213       0x34 Drivers/STM32F4xx_HAL_Driver/Src/stm32f4xx_ll_utils.o
 .ARM.attributes
                0x0000000000000247       0x34 c:/st/stm32cubeide_1.6.0/stm32cubeide/plugins/com.st.stm32cube.ide.mcu.externaltools.gnu-tools-for-stm32.9-2020-q2-update.win32_1.5.0.202011040924/tools/bin/../lib/gcc/arm-none-eabi/9.3.1/../../../../arm-none-eabi/lib/thumb/v7e-m+fp/hard\libc_nano.a(lib_a-init.o)
 .ARM.attributes
                0x000000000000027b       0x17 c:/st/stm32cubeide_1.6.0/stm32cubeide/plugins/com.st.stm32cube.ide.mcu.externaltools.gnu-tools-for-stm32.9-2020-q2-update.win32_1.5.0.202011040924/tools/bin/../lib/gcc/arm-none-eabi/9.3.1/../../../../arm-none-eabi/lib/thumb/v7e-m+fp/hard\libc_nano.a(lib_a-strlen.o)
 .ARM.attributes
                0x0000000000000292       0x1e c:/st/stm32cubeide_1.6.0/stm32cubeide/plugins/com.st.stm32cube.ide.mcu.externaltools.gnu-tools-for-stm32.9-2020-q2-update.win32_1.5.0.202011040924/tools/bin/../lib/gcc/arm-none-eabi/9.3.1/thumb/v7e-m+fp/hard/crtn.o
OUTPUT(SPI_Experiment.elf elf32-littlearm)
LOAD linker stubs
LOAD c:/st/stm32cubeide_1.6.0/stm32cubeide/plugins/com.st.stm32cube.ide.mcu.externaltools.gnu-tools-for-stm32.9-2020-q2-update.win32_1.5.0.202011040924/tools/bin/../lib/gcc/arm-none-eabi/9.3.1/../../../../arm-none-eabi/lib/thumb/v7e-m+fp/hard\libc.a
LOAD c:/st/stm32cubeide_1.6.0/stm32cubeide/plugins/com.st.stm32cube.ide.mcu.externaltools.gnu-tools-for-stm32.9-2020-q2-update.win32_1.5.0.202011040924/tools/bin/../lib/gcc/arm-none-eabi/9.3.1/../../../../arm-none-eabi/lib/thumb/v7e-m+fp/hard\libm.a
LOAD c:/st/stm32cubeide_1.6.0/stm32cubeide/plugins/com.st.stm32cube.ide.mcu.externaltools.gnu-tools-for-stm32.9-2020-q2-update.win32_1.5.0.202011040924/tools/bin/../lib/gcc/arm-none-eabi/9.3.1/thumb/v7e-m+fp/hard\libgcc.a

.debug_info     0x0000000000000000     0x6ab2
 .debug_info    0x0000000000000000     0x163e Core/Src/main.o
 .debug_info    0x000000000000163e      0xaa3 Core/Src/stm32f4xx_hal_msp.o
 .debug_info    0x00000000000020e1      0x234 Core/Src/stm32f4xx_it.o
 .debug_info    0x0000000000002315      0x5d0 Core/Src/system_stm32f4xx.o
 .debug_info    0x00000000000028e5       0x22 Core/Startup/startup_stm32f401retx.o
 .debug_info    0x0000000000002907      0x93d Drivers/STM32F4xx_HAL_Driver/Src/stm32f4xx_hal.o
 .debug_info    0x0000000000003244      0xe41 Drivers/STM32F4xx_HAL_Driver/Src/stm32f4xx_hal_cortex.o
 .debug_info    0x0000000000004085      0x862 Drivers/STM32F4xx_HAL_Driver/Src/stm32f4xx_hal_gpio.o
 .debug_info    0x00000000000048e7     0x17b8 Drivers/STM32F4xx_HAL_Driver/Src/stm32f4xx_hal_spi.o
 .debug_info    0x000000000000609f      0xa13 Drivers/STM32F4xx_HAL_Driver/Src/stm32f4xx_ll_utils.o

.debug_abbrev   0x0000000000000000     0x1318
 .debug_abbrev  0x0000000000000000      0x33c Core/Src/main.o
 .debug_abbrev  0x000000000000033c      0x1ac Core/Src/stm32f4xx_hal_msp.o
 .debug_abbrev  0x00000000000004e8       0xe3 Core/Src/stm32f4xx_it.o
 .debug_abbrev  0x00000000000005cb      0x145 Core/Src/system_stm32f4xx.o
 .debug_abbrev  0x0000000000000710       0x12 Core/Startup/startup_stm32f401retx.o
 .debug_abbrev  0x0000000000000722      0x21e Drivers/STM32F4xx_HAL_Driver/Src/stm32f4xx_hal.o
 .debug_abbrev  0x0000000000000940      0x33c Drivers/STM32F4xx_HAL_Driver/Src/stm32f4xx_hal_cortex.o
 .debug_abbrev  0x0000000000000c7c      0x1f1 Drivers/STM32F4xx_HAL_Driver/Src/stm32f4xx_hal_gpio.o
 .debug_abbrev  0x0000000000000e6d      0x26e Drivers/STM32F4xx_HAL_Driver/Src/stm32f4xx_hal_spi.o
 .debug_abbrev  0x00000000000010db      0x23d Drivers/STM32F4xx_HAL_Driver/Src/stm32f4xx_ll_utils.o

.debug_aranges  0x0000000000000000      0x6c0
 .debug_aranges
                0x0000000000000000       0xb8 Core/Src/main.o
 .debug_aranges
                0x00000000000000b8       0x30 Core/Src/stm32f4xx_hal_msp.o
 .debug_aranges
                0x00000000000000e8       0x60 Core/Src/stm32f4xx_it.o
 .debug_aranges
                0x0000000000000148       0x28 Core/Src/system_stm32f4xx.o
 .debug_aranges
                0x0000000000000170       0x28 Core/Startup/startup_stm32f401retx.o
 .debug_aranges
                0x0000000000000198       0xf0 Drivers/STM32F4xx_HAL_Driver/Src/stm32f4xx_hal.o
 .debug_aranges
                0x0000000000000288      0x118 Drivers/STM32F4xx_HAL_Driver/Src/stm32f4xx_hal_cortex.o
 .debug_aranges
                0x00000000000003a0       0x58 Drivers/STM32F4xx_HAL_Driver/Src/stm32f4xx_hal_gpio.o
 .debug_aranges
                0x00000000000003f8      0x1d0 Drivers/STM32F4xx_HAL_Driver/Src/stm32f4xx_hal_spi.o
 .debug_aranges
                0x00000000000005c8       0xf8 Drivers/STM32F4xx_HAL_Driver/Src/stm32f4xx_ll_utils.o

.debug_ranges   0x0000000000000000      0x628
 .debug_ranges  0x0000000000000000       0xa8 Core/Src/main.o
 .debug_ranges  0x00000000000000a8       0x20 Core/Src/stm32f4xx_hal_msp.o
 .debug_ranges  0x00000000000000c8       0x50 Core/Src/stm32f4xx_it.o
 .debug_ranges  0x0000000000000118       0x18 Core/Src/system_stm32f4xx.o
 .debug_ranges  0x0000000000000130       0x20 Core/Startup/startup_stm32f401retx.o
 .debug_ranges  0x0000000000000150       0xe0 Drivers/STM32F4xx_HAL_Driver/Src/stm32f4xx_hal.o
 .debug_ranges  0x0000000000000230      0x108 Drivers/STM32F4xx_HAL_Driver/Src/stm32f4xx_hal_cortex.o
 .debug_ranges  0x0000000000000338       0x48 Drivers/STM32F4xx_HAL_Driver/Src/stm32f4xx_hal_gpio.o
 .debug_ranges  0x0000000000000380      0x1c0 Drivers/STM32F4xx_HAL_Driver/Src/stm32f4xx_hal_spi.o
 .debug_ranges  0x0000000000000540       0xe8 Drivers/STM32F4xx_HAL_Driver/Src/stm32f4xx_ll_utils.o

.debug_macro    0x0000000000000000    0x160fb
 .debug_macro   0x0000000000000000      0x2e8 Core/Src/main.o
 .debug_macro   0x00000000000002e8      0xaae Core/Src/main.o
 .debug_macro   0x0000000000000d96      0x295 Core/Src/main.o
 .debug_macro   0x000000000000102b       0x2e Core/Src/main.o
 .debug_macro   0x0000000000001059       0x28 Core/Src/main.o
 .debug_macro   0x0000000000001081       0x22 Core/Src/main.o
 .debug_macro   0x00000000000010a3       0x8e Core/Src/main.o
 .debug_macro   0x0000000000001131       0x51 Core/Src/main.o
 .debug_macro   0x0000000000001182      0x103 Core/Src/main.o
 .debug_macro   0x0000000000001285       0x6a Core/Src/main.o
 .debug_macro   0x00000000000012ef      0x1df Core/Src/main.o
 .debug_macro   0x00000000000014ce       0x1c Core/Src/main.o
 .debug_macro   0x00000000000014ea       0x22 Core/Src/main.o
 .debug_macro   0x000000000000150c       0xdf Core/Src/main.o
 .debug_macro   0x00000000000015eb     0x102d Core/Src/main.o
 .debug_macro   0x0000000000002618      0x11f Core/Src/main.o
 .debug_macro   0x0000000000002737     0xb850 Core/Src/main.o
 .debug_macro   0x000000000000df87       0x43 Core/Src/main.o
 .debug_macro   0x000000000000dfca     0x3659 Core/Src/main.o
 .debug_macro   0x0000000000011623      0x174 Core/Src/main.o
 .debug_macro   0x0000000000011797       0x5c Core/Src/main.o
 .debug_macro   0x00000000000117f3      0x416 Core/Src/main.o
 .debug_macro   0x0000000000011c09      0x9fe Core/Src/main.o
 .debug_macro   0x0000000000012607      0x117 Core/Src/main.o
 .debug_macro   0x000000000001271e       0xf8 Core/Src/main.o
 .debug_macro   0x0000000000012816       0x82 Core/Src/main.o
 .debug_macro   0x0000000000012898      0x15f Core/Src/main.o
 .debug_macro   0x00000000000129f7      0x287 Core/Src/main.o
 .debug_macro   0x0000000000012c7e       0x5f Core/Src/main.o
 .debug_macro   0x0000000000012cdd      0x236 Core/Src/main.o
 .debug_macro   0x0000000000012f13      0x132 Core/Src/main.o
 .debug_macro   0x0000000000013045      0x264 Core/Src/main.o
 .debug_macro   0x00000000000132a9       0x2e Core/Src/main.o
 .debug_macro   0x00000000000132d7      0x11a Core/Src/main.o
 .debug_macro   0x00000000000133f1       0x85 Core/Src/main.o
 .debug_macro   0x0000000000013476       0x89 Core/Src/main.o
 .debug_macro   0x00000000000134ff      0x225 Core/Src/main.o
 .debug_macro   0x0000000000013724      0x126 Core/Src/main.o
 .debug_macro   0x000000000001384a      0x788 Core/Src/main.o
 .debug_macro   0x0000000000013fd2      0x116 Core/Src/main.o
 .debug_macro   0x00000000000140e8      0x1ab Core/Src/main.o
 .debug_macro   0x0000000000014293       0xe8 Core/Src/main.o
 .debug_macro   0x000000000001437b      0x1a8 Core/Src/main.o
 .debug_macro   0x0000000000014523       0x61 Core/Src/main.o
 .debug_macro   0x0000000000014584       0xbd Core/Src/main.o
 .debug_macro   0x0000000000014641      0x1e6 Core/Src/main.o
 .debug_macro   0x0000000000014827      0x149 Core/Src/main.o
 .debug_macro   0x0000000000014970       0x40 Core/Src/main.o
 .debug_macro   0x00000000000149b0       0x52 Core/Src/main.o
 .debug_macro   0x0000000000014a02       0x18 Core/Src/main.o
 .debug_macro   0x0000000000014a1a       0x3c Core/Src/main.o
 .debug_macro   0x0000000000014a56       0x34 Core/Src/main.o
 .debug_macro   0x0000000000014a8a       0x16 Core/Src/main.o
 .debug_macro   0x0000000000014aa0       0x43 Core/Src/main.o
 .debug_macro   0x0000000000014ae3       0x34 Core/Src/main.o
 .debug_macro   0x0000000000014b17       0x10 Core/Src/main.o
 .debug_macro   0x0000000000014b27       0x58 Core/Src/main.o
 .debug_macro   0x0000000000014b7f       0x71 Core/Src/main.o
 .debug_macro   0x0000000000014bf0       0x1c Core/Src/main.o
 .debug_macro   0x0000000000014c0c      0x12a Core/Src/main.o
 .debug_macro   0x0000000000014d36      0x333 Core/Src/main.o
 .debug_macro   0x0000000000015069       0x10 Core/Src/main.o
 .debug_macro   0x0000000000015079       0x35 Core/Src/main.o
 .debug_macro   0x00000000000150ae       0x20 Core/Src/main.o
 .debug_macro   0x00000000000150ce      0x21a Core/Src/stm32f4xx_hal_msp.o
 .debug_macro   0x00000000000152e8      0x224 Core/Src/stm32f4xx_it.o
 .debug_macro   0x000000000001550c      0x1ba Core/Src/system_stm32f4xx.o
 .debug_macro   0x00000000000156c6      0x21a Drivers/STM32F4xx_HAL_Driver/Src/stm32f4xx_hal.o
 .debug_macro   0x00000000000158e0      0x1ba Drivers/STM32F4xx_HAL_Driver/Src/stm32f4xx_hal_cortex.o
 .debug_macro   0x0000000000015a9a      0x1c0 Drivers/STM32F4xx_HAL_Driver/Src/stm32f4xx_hal_gpio.o
 .debug_macro   0x0000000000015c5a      0x1c9 Drivers/STM32F4xx_HAL_Driver/Src/stm32f4xx_hal_spi.o
 .debug_macro   0x0000000000015e23      0x27d Drivers/STM32F4xx_HAL_Driver/Src/stm32f4xx_ll_utils.o
 .debug_macro   0x00000000000160a0       0x5b Drivers/STM32F4xx_HAL_Driver/Src/stm32f4xx_ll_utils.o

.debug_line     0x0000000000000000     0x6b7a
 .debug_line    0x0000000000000000      0xc16 Core/Src/main.o
 .debug_line    0x0000000000000c16      0x7c5 Core/Src/stm32f4xx_hal_msp.o
 .debug_line    0x00000000000013db      0x827 Core/Src/stm32f4xx_it.o
 .debug_line    0x0000000000001c02      0x716 Core/Src/system_stm32f4xx.o
 .debug_line    0x0000000000002318       0x88 Core/Startup/startup_stm32f401retx.o
 .debug_line    0x00000000000023a0      0x97c Drivers/STM32F4xx_HAL_Driver/Src/stm32f4xx_hal.o
 .debug_line    0x0000000000002d1c      0xc2b Drivers/STM32F4xx_HAL_Driver/Src/stm32f4xx_hal_cortex.o
 .debug_line    0x0000000000003947      0xab8 Drivers/STM32F4xx_HAL_Driver/Src/stm32f4xx_hal_gpio.o
 .debug_line    0x00000000000043ff     0x1c04 Drivers/STM32F4xx_HAL_Driver/Src/stm32f4xx_hal_spi.o
 .debug_line    0x0000000000006003      0xb77 Drivers/STM32F4xx_HAL_Driver/Src/stm32f4xx_ll_utils.o

.debug_str      0x0000000000000000    0x8ca3e
 .debug_str     0x0000000000000000    0x89e71 Core/Src/main.o
                                      0x8a4a0 (size before relaxing)
 .debug_str     0x0000000000089e71       0xbb Core/Src/stm32f4xx_hal_msp.o
                                      0x87039 (size before relaxing)
 .debug_str     0x0000000000089f2c       0xbd Core/Src/stm32f4xx_it.o
                                      0x86aea (size before relaxing)
 .debug_str     0x0000000000089fe9       0xaf Core/Src/system_stm32f4xx.o
                                      0x7e16f (size before relaxing)
 .debug_str     0x000000000008a098       0x36 Core/Startup/startup_stm32f401retx.o
                                         0x7a (size before relaxing)
 .debug_str     0x000000000008a0ce      0x8dd Drivers/STM32F4xx_HAL_Driver/Src/stm32f4xx_hal.o
                                      0x7eaef (size before relaxing)
 .debug_str     0x000000000008a9ab      0x3a3 Drivers/STM32F4xx_HAL_Driver/Src/stm32f4xx_hal_cortex.o
                                      0x7e8cc (size before relaxing)
 .debug_str     0x000000000008ad4e      0x17b Drivers/STM32F4xx_HAL_Driver/Src/stm32f4xx_hal_gpio.o
                                      0x7e316 (size before relaxing)
 .debug_str     0x000000000008aec9      0x58a Drivers/STM32F4xx_HAL_Driver/Src/stm32f4xx_hal_spi.o
                                      0x7ea01 (size before relaxing)
 .debug_str     0x000000000008b453     0x15eb Drivers/STM32F4xx_HAL_Driver/Src/stm32f4xx_ll_utils.o
                                      0x84b31 (size before relaxing)

.comment        0x0000000000000000       0x53
 .comment       0x0000000000000000       0x53 Core/Src/main.o
                                         0x54 (size before relaxing)
 .comment       0x0000000000000053       0x54 Core/Src/stm32f4xx_hal_msp.o
 .comment       0x0000000000000053       0x54 Core/Src/stm32f4xx_it.o
 .comment       0x0000000000000053       0x54 Core/Src/system_stm32f4xx.o
 .comment       0x0000000000000053       0x54 Drivers/STM32F4xx_HAL_Driver/Src/stm32f4xx_hal.o
 .comment       0x0000000000000053       0x54 Drivers/STM32F4xx_HAL_Driver/Src/stm32f4xx_hal_cortex.o
 .comment       0x0000000000000053       0x54 Drivers/STM32F4xx_HAL_Driver/Src/stm32f4xx_hal_gpio.o
 .comment       0x0000000000000053       0x54 Drivers/STM32F4xx_HAL_Driver/Src/stm32f4xx_hal_spi.o
 .comment       0x0000000000000053       0x54 Drivers/STM32F4xx_HAL_Driver/Src/stm32f4xx_ll_utils.o

.debug_frame    0x0000000000000000     0x1a48
 .debug_frame   0x0000000000000000      0x2d0 Core/Src/main.o
 .debug_frame   0x00000000000002d0       0x7c Core/Src/stm32f4xx_hal_msp.o
 .debug_frame   0x000000000000034c      0x104 Core/Src/stm32f4xx_it.o
 .debug_frame   0x0000000000000450       0x58 Core/Src/system_stm32f4xx.o
 .debug_frame   0x00000000000004a8      0x374 Drivers/STM32F4xx_HAL_Driver/Src/stm32f4xx_hal.o
 .debug_frame   0x000000000000081c      0x498 Drivers/STM32F4xx_HAL_Driver/Src/stm32f4xx_hal_cortex.o
 .debug_frame   0x0000000000000cb4      0x14c Drivers/STM32F4xx_HAL_Driver/Src/stm32f4xx_hal_gpio.o
 .debug_frame   0x0000000000000e00      0x824 Drivers/STM32F4xx_HAL_Driver/Src/stm32f4xx_hal_spi.o
 .debug_frame   0x0000000000001624      0x3f8 Drivers/STM32F4xx_HAL_Driver/Src/stm32f4xx_ll_utils.o
 .debug_frame   0x0000000000001a1c       0x2c c:/st/stm32cubeide_1.6.0/stm32cubeide/plugins/com.st.stm32cube.ide.mcu.externaltools.gnu-tools-for-stm32.9-2020-q2-update.win32_1.5.0.202011040924/tools/bin/../lib/gcc/arm-none-eabi/9.3.1/../../../../arm-none-eabi/lib/thumb/v7e-m+fp/hard\libc_nano.a(lib_a-init.o)
